******************************************************************************
             TMS320C2000 Linker PC v16.9.11                    
******************************************************************************
>> Linked Mon Jul 27 07:49:12 2020

OUTPUT FILE NAME:   <Example_2806xSci_Echoback.out>
ENTRY POINT SYMBOL: "code_start"  address: 00000000


MEMORY CONFIGURATION

         name            origin    length      used     unused   attr    fill
----------------------  --------  ---------  --------  --------  ----  --------
PAGE 0:
  BEGIN_M0              00000000   00000002  00000002  00000000  RWIX
  L3DPSARAM             00009000   00001000  00000004  00000ffc  RWIX
  L4SARAM               0000a000   00002000  000013cf  00000c31  RWIX
  FPUTABLES             003fd860   000006a0  00000000  000006a0  R   
  IQTABLES              003fdf00   00000b50  00000000  00000b50  R   
  IQTABLES2             003fea50   0000008c  00000000  0000008c  R   
  IQTABLES3             003feadc   000000aa  00000000  000000aa  R   
  RESET                 003fffc0   00000002  00000000  00000002  R   

PAGE 1:
  M0SARAM               00000002   000003fe  0000009e  00000360  RWIX
  M1SARAM               00000400   00000400  00000200  00000200  RWIX
  DEV_EMU               00000880   00000105  00000004  00000101  RWIX
  SYS_PWR_CTL           00000985   00000003  00000003  00000000  RWIX
  FLASH_REGS            00000a80   00000060  00000008  00000058  RWIX
  CSM                   00000ae0   00000020  00000010  00000010  RWIX
  ADC_RESULT            00000b00   00000020  00000010  00000010  RWIX
  CPU_TIMER0            00000c00   00000008  00000008  00000000  RWIX
  CPU_TIMER1            00000c08   00000008  00000008  00000000  RWIX
  CPU_TIMER2            00000c10   00000008  00000008  00000000  RWIX
  PIE_CTRL              00000ce0   00000020  0000001a  00000006  RWIX
  PIE_VECT              00000d00   00000100  00000100  00000000  RWIX
  DMA                   00001000   00000200  000000e0  00000120  RWIX
  CLA1                  00001400   00000080  00000040  00000040  RWIX
  USB0                  00004000   00001000  00000454  00000bac  RWIX
  McBSPA                00005000   00000040  00000024  0000001c  RWIX
  ECANA                 00006000   00000040  00000034  0000000c  RWIX
  ECANA_LAM             00006040   00000040  00000040  00000000  RWIX
  ECANA_MOTS            00006080   00000040  00000040  00000000  RWIX
  ECANA_MOTO            000060c0   00000040  00000040  00000000  RWIX
  ECANA_MBOX            00006100   00000100  00000100  00000000  RWIX
  COMP1                 00006400   00000020  00000014  0000000c  RWIX
  COMP2                 00006420   00000020  00000014  0000000c  RWIX
  COMP3                 00006440   00000020  00000014  0000000c  RWIX
  EPWM1                 00006800   00000040  00000040  00000000  RWIX
  EPWM2                 00006840   00000040  00000040  00000000  RWIX
  EPWM3                 00006880   00000040  00000040  00000000  RWIX
  EPWM4                 000068c0   00000040  00000040  00000000  RWIX
  EPWM5                 00006900   00000040  00000040  00000000  RWIX
  EPWM6                 00006940   00000040  00000040  00000000  RWIX
  EPWM7                 00006980   00000040  00000040  00000000  RWIX
  EPWM8                 000069c0   00000040  00000040  00000000  RWIX
  ECAP1                 00006a00   00000020  00000020  00000000  RWIX
  ECAP2                 00006a20   00000020  00000020  00000000  RWIX
  ECAP3                 00006a40   00000020  00000020  00000000  RWIX
  HRCAP1                00006ac0   00000020  00000020  00000000  RWIX
  HRCAP2                00006ae0   00000020  00000020  00000000  RWIX
  EQEP1                 00006b00   00000040  00000022  0000001e  RWIX
  EQEP2                 00006b40   00000040  00000022  0000001e  RWIX
  HRCAP3                00006c80   00000020  00000020  00000000  RWIX
  HRCAP4                00006ca0   00000020  00000020  00000000  RWIX
  GPIOCTRL              00006f80   00000040  00000040  00000000  RWIX
  GPIODAT               00006fc0   00000020  00000020  00000000  RWIX
  GPIOINT               00006fe0   00000020  00000020  00000000  RWIX
  SYSTEM                00007010   00000030  00000030  00000000  RWIX
  SPIA                  00007040   00000010  00000010  00000000  RWIX
  SCIA                  00007050   00000010  00000010  00000000  RWIX
  NMIINTRUPT            00007060   00000010  00000010  00000000  RWIX
  XINTRUPT              00007070   00000010  00000010  00000000  RWIX
  ADC                   00007100   00000080  00000052  0000002e  RWIX
  SPIB                  00007740   00000010  00000010  00000000  RWIX
  SCIB                  00007750   00000010  00000010  00000000  RWIX
  I2CA                  00007900   00000040  00000022  0000001e  RWIX
  L0DPSARAM             00008000   00000800  00000000  00000800  RWIX
  L1DPSARAM             00008800   00000400  00000000  00000400  RWIX
  L2DPSARAM             00008c00   00000400  00000000  00000400  RWIX
  L5DPSARAM             0000c000   00002000  00000000  00002000  RWIX
  L6DPSARAM             0000e000   00002000  00000000  00002000  RWIX
  L7DPSARAM             00010000   00002000  00000000  00002000  RWIX
  L8DPSARAM             00012000   00002000  00000000  00002000  RWIX
  PARTID                003d7e80   00000001  00000001  00000000  RWIX
  CSM_PWL               003f7ff8   00000008  00000008  00000000  RWIX


SECTION ALLOCATION MAP

 output                                  attributes/
section   page    origin      length       input sections
--------  ----  ----------  ----------   ----------------
.text      0    0000a000    0000118b     
                  0000a000    00000381     rts2800_fpu32.lib : e_powf.obj (.text)
                  0000a381    00000369     F2806x_DefaultIsr.obj (.text:retain)
                  0000a6ea    00000192     F2806x_SysCtrl.obj (.text)
                  0000a87c    00000182     SmartBulb.obj (.text)
                  0000a9fe    0000015d     utils.obj (.text)
                  0000ab5b    0000011d     SmartBulb.obj (.text:retain)
                  0000ac78    00000088     rts2800_fpu32.lib : fs_div28.obj (.text)
                  0000ad00    00000082     F2806x_CpuTimers.obj (.text)
                  0000ad82    00000067     F2806x_Adc.obj (.text)
                  0000ade9    00000065     rts2800_fpu32.lib : s_scalbnf.obj (.text)
                  0000ae4e    00000061     F2806x_Sci.obj (.text)
                  0000aeaf    0000005d     F2806x_Gpio.obj (.text)
                  0000af0c    00000056     rts2800_fpu32.lib : boot28.obj (.text)
                  0000af62    00000048     F2806x_PieCtrl.obj (.text)
                  0000afaa    00000038     F2806x_PieVect.obj (.text)
                  0000afe2    0000002d     adc.obj (.text)
                  0000b00f    00000029     rts2800_fpu32.lib : exit.obj (.text)
                  0000b038    00000026     adc.obj (.text:retain)
                  0000b05e    00000025     rts2800_fpu32.lib : e_sqrtf.obj (.text)
                  0000b083    00000024                       : cpy_tbl.obj (.text)
                  0000b0a7    00000022                       : i_div28.obj (.text)
                  0000b0c9    00000020     sci.obj (.text)
                  0000b0e9    0000001d     rts2800_fpu32.lib : memcpy.obj (.text)
                  0000b106    00000019                       : args_main.obj (.text)
                  0000b11f    00000016     gpio.obj (.text)
                  0000b135    00000015     delay.obj (.text)
                  0000b14a    00000014     F2806x_Xint1.obj (.text)
                  0000b15e    00000011     rts2800_fpu32.lib : s_copysignf.obj (.text)
                  0000b16f    00000009                       : _lock.obj (.text)
                  0000b178    00000008     F2806x_CodeStartBranch.obj (.text)
                  0000b180    00000008     rts2800_fpu32.lib : strlen.obj (.text)
                  0000b188    00000002                       : pre_init.obj (.text)
                  0000b18a    00000001                       : startup.obj (.text)

.econst    0    0000b18c    00000200     
                  0000b18c    00000100     F2806x_PieVect.obj (.econst:_PieVectTableInit)
                  0000b28c    000000bc     SmartBulb.obj (.econst:.string)
                  0000b348    00000032     rts2800_fpu32.lib : e_powf.obj (.econst)
                  0000b37a    00000006                       : s_scalbnf.obj (.econst)
                  0000b380    00000004                       : e_powf.obj (.econst:_bp)
                  0000b384    00000004                       : e_powf.obj (.econst:_dp_h)
                  0000b388    00000004                       : e_powf.obj (.econst:_dp_l)

.cinit     0    0000b38c    00000044     
                  0000b38c    00000026     SmartBulb.obj (.cinit)
                  0000b3b2    0000000e     rts2800_fpu32.lib : exit.obj (.cinit)
                  0000b3c0    00000005                       : _lock.obj (.cinit:__lock)
                  0000b3c5    00000005                       : _lock.obj (.cinit:__unlock)
                  0000b3ca    00000004                       : errno.obj (.cinit)
                  0000b3ce    00000002     --HOLE-- [fill = 0]

.pinit     0    0000a000    00000000     UNINITIALIZED

.reset     0    003fffc0    00000002     DSECT
                  003fffc0    00000002     rts2800_fpu32.lib : boot28.obj (.reset)

.bss       1    00000002    00000000     UNINITIALIZED

.ebss      1    00000002    0000009e     UNINITIALIZED
                  00000002    00000018     F2806x_CpuTimers.obj (.ebss)
                  0000001a    00000006     adc.obj (.ebss)
                  00000020    00000006     rts2800_fpu32.lib : exit.obj (.ebss)
                  00000026    00000002     F2806x_Xint1.obj (.ebss)
                  00000028    00000002     rts2800_fpu32.lib : _lock.obj (.ebss:__lock)
                  0000002a    00000002                       : _lock.obj (.ebss:__unlock)
                  0000002c    00000001                       : errno.obj (.ebss)
                  0000002d    00000013     --HOLE--
                  00000040    00000060     SmartBulb.obj (.ebss)

.stack     1    00000400    00000200     UNINITIALIZED
                  00000400    00000200     --HOLE--

codestart 
*          0    00000000    00000002     
                  00000000    00000002     F2806x_CodeStartBranch.obj (codestart)

ramfuncs   0    00009000    00000004     
                  00009000    00000004     F2806x_usDelay.obj (ramfuncs)

DevEmuRegsFile 
*          1    00000880    00000004     UNINITIALIZED
                  00000880    00000004     F2806x_GlobalVariableDefs.obj (DevEmuRegsFile)

SysPwrCtrlRegsFile 
*          1    00000985    00000003     UNINITIALIZED
                  00000985    00000003     F2806x_GlobalVariableDefs.obj (SysPwrCtrlRegsFile)

FlashRegsFile 
*          1    00000a80    00000008     UNINITIALIZED
                  00000a80    00000008     F2806x_GlobalVariableDefs.obj (FlashRegsFile)

CsmRegsFile 
*          1    00000ae0    00000010     UNINITIALIZED
                  00000ae0    00000010     F2806x_GlobalVariableDefs.obj (CsmRegsFile)

AdcResultFile 
*          1    00000b00    00000010     UNINITIALIZED
                  00000b00    00000010     F2806x_GlobalVariableDefs.obj (AdcResultFile)

CpuTimer0RegsFile 
*          1    00000c00    00000008     UNINITIALIZED
                  00000c00    00000008     F2806x_GlobalVariableDefs.obj (CpuTimer0RegsFile)

CpuTimer1RegsFile 
*          1    00000c08    00000008     UNINITIALIZED
                  00000c08    00000008     F2806x_GlobalVariableDefs.obj (CpuTimer1RegsFile)

CpuTimer2RegsFile 
*          1    00000c10    00000008     UNINITIALIZED
                  00000c10    00000008     F2806x_GlobalVariableDefs.obj (CpuTimer2RegsFile)

PieCtrlRegsFile 
*          1    00000ce0    0000001a     UNINITIALIZED
                  00000ce0    0000001a     F2806x_GlobalVariableDefs.obj (PieCtrlRegsFile)

PieVectTableFile 
*          1    00000d00    00000100     UNINITIALIZED
                  00000d00    00000100     F2806x_GlobalVariableDefs.obj (PieVectTableFile)

EmuKeyVar 
*          1    00000d00    00000001     UNINITIALIZED
                  00000d00    00000001     F2806x_GlobalVariableDefs.obj (EmuKeyVar)

EmuBModeVar 
*          1    00000d01    00000001     UNINITIALIZED
                  00000d01    00000001     F2806x_GlobalVariableDefs.obj (EmuBModeVar)

FlashCallbackVar 
*          1    00000d02    00000002     UNINITIALIZED
                  00000d02    00000002     F2806x_GlobalVariableDefs.obj (FlashCallbackVar)

FlashScalingVar 
*          1    00000d04    00000002     UNINITIALIZED
                  00000d04    00000002     F2806x_GlobalVariableDefs.obj (FlashScalingVar)

DmaRegsFile 
*          1    00001000    000000e0     UNINITIALIZED
                  00001000    000000e0     F2806x_GlobalVariableDefs.obj (DmaRegsFile)

Cla1RegsFile 
*          1    00001400    00000040     UNINITIALIZED
                  00001400    00000040     F2806x_GlobalVariableDefs.obj (Cla1RegsFile)

Usb0RegsFile 
*          1    00004000    00000454     UNINITIALIZED
                  00004000    00000454     F2806x_GlobalVariableDefs.obj (Usb0RegsFile)

McbspaRegsFile 
*          1    00005000    00000024     UNINITIALIZED
                  00005000    00000024     F2806x_GlobalVariableDefs.obj (McbspaRegsFile)

ECanaRegsFile 
*          1    00006000    00000034     UNINITIALIZED
                  00006000    00000034     F2806x_GlobalVariableDefs.obj (ECanaRegsFile)

ECanaLAMRegsFile 
*          1    00006040    00000040     UNINITIALIZED
                  00006040    00000040     F2806x_GlobalVariableDefs.obj (ECanaLAMRegsFile)

ECanaMOTSRegsFile 
*          1    00006080    00000040     UNINITIALIZED
                  00006080    00000040     F2806x_GlobalVariableDefs.obj (ECanaMOTSRegsFile)

ECanaMOTORegsFile 
*          1    000060c0    00000040     UNINITIALIZED
                  000060c0    00000040     F2806x_GlobalVariableDefs.obj (ECanaMOTORegsFile)

ECanaMboxesFile 
*          1    00006100    00000100     UNINITIALIZED
                  00006100    00000100     F2806x_GlobalVariableDefs.obj (ECanaMboxesFile)

Comp1RegsFile 
*          1    00006400    00000014     UNINITIALIZED
                  00006400    00000014     F2806x_GlobalVariableDefs.obj (Comp1RegsFile)

Comp2RegsFile 
*          1    00006420    00000014     UNINITIALIZED
                  00006420    00000014     F2806x_GlobalVariableDefs.obj (Comp2RegsFile)

Comp3RegsFile 
*          1    00006440    00000014     UNINITIALIZED
                  00006440    00000014     F2806x_GlobalVariableDefs.obj (Comp3RegsFile)

EPwm1RegsFile 
*          1    00006800    00000040     UNINITIALIZED
                  00006800    00000040     F2806x_GlobalVariableDefs.obj (EPwm1RegsFile)

EPwm2RegsFile 
*          1    00006840    00000040     UNINITIALIZED
                  00006840    00000040     F2806x_GlobalVariableDefs.obj (EPwm2RegsFile)

EPwm3RegsFile 
*          1    00006880    00000040     UNINITIALIZED
                  00006880    00000040     F2806x_GlobalVariableDefs.obj (EPwm3RegsFile)

EPwm4RegsFile 
*          1    000068c0    00000040     UNINITIALIZED
                  000068c0    00000040     F2806x_GlobalVariableDefs.obj (EPwm4RegsFile)

EPwm5RegsFile 
*          1    00006900    00000040     UNINITIALIZED
                  00006900    00000040     F2806x_GlobalVariableDefs.obj (EPwm5RegsFile)

EPwm6RegsFile 
*          1    00006940    00000040     UNINITIALIZED
                  00006940    00000040     F2806x_GlobalVariableDefs.obj (EPwm6RegsFile)

EPwm7RegsFile 
*          1    00006980    00000040     UNINITIALIZED
                  00006980    00000040     F2806x_GlobalVariableDefs.obj (EPwm7RegsFile)

EPwm8RegsFile 
*          1    000069c0    00000040     UNINITIALIZED
                  000069c0    00000040     F2806x_GlobalVariableDefs.obj (EPwm8RegsFile)

ECap1RegsFile 
*          1    00006a00    00000020     UNINITIALIZED
                  00006a00    00000020     F2806x_GlobalVariableDefs.obj (ECap1RegsFile)

ECap2RegsFile 
*          1    00006a20    00000020     UNINITIALIZED
                  00006a20    00000020     F2806x_GlobalVariableDefs.obj (ECap2RegsFile)

ECap3RegsFile 
*          1    00006a40    00000020     UNINITIALIZED
                  00006a40    00000020     F2806x_GlobalVariableDefs.obj (ECap3RegsFile)

HRCap1RegsFile 
*          1    00006ac0    00000020     UNINITIALIZED
                  00006ac0    00000020     F2806x_GlobalVariableDefs.obj (HRCap1RegsFile)

HRCap2RegsFile 
*          1    00006ae0    00000020     UNINITIALIZED
                  00006ae0    00000020     F2806x_GlobalVariableDefs.obj (HRCap2RegsFile)

EQep1RegsFile 
*          1    00006b00    00000022     UNINITIALIZED
                  00006b00    00000022     F2806x_GlobalVariableDefs.obj (EQep1RegsFile)

EQep2RegsFile 
*          1    00006b40    00000022     UNINITIALIZED
                  00006b40    00000022     F2806x_GlobalVariableDefs.obj (EQep2RegsFile)

HRCap3RegsFile 
*          1    00006c80    00000020     UNINITIALIZED
                  00006c80    00000020     F2806x_GlobalVariableDefs.obj (HRCap3RegsFile)

HRCap4RegsFile 
*          1    00006ca0    00000020     UNINITIALIZED
                  00006ca0    00000020     F2806x_GlobalVariableDefs.obj (HRCap4RegsFile)

GpioCtrlRegsFile 
*          1    00006f80    00000040     UNINITIALIZED
                  00006f80    00000040     F2806x_GlobalVariableDefs.obj (GpioCtrlRegsFile)

GpioDataRegsFile 
*          1    00006fc0    00000020     UNINITIALIZED
                  00006fc0    00000020     F2806x_GlobalVariableDefs.obj (GpioDataRegsFile)

GpioIntRegsFile 
*          1    00006fe0    00000020     UNINITIALIZED
                  00006fe0    00000020     F2806x_GlobalVariableDefs.obj (GpioIntRegsFile)

SysCtrlRegsFile 
*          1    00007010    00000030     UNINITIALIZED
                  00007010    00000030     F2806x_GlobalVariableDefs.obj (SysCtrlRegsFile)

SpiaRegsFile 
*          1    00007040    00000010     UNINITIALIZED
                  00007040    00000010     F2806x_GlobalVariableDefs.obj (SpiaRegsFile)

SciaRegsFile 
*          1    00007050    00000010     UNINITIALIZED
                  00007050    00000010     F2806x_GlobalVariableDefs.obj (SciaRegsFile)

NmiIntruptRegsFile 
*          1    00007060    00000010     UNINITIALIZED
                  00007060    00000010     F2806x_GlobalVariableDefs.obj (NmiIntruptRegsFile)

XIntruptRegsFile 
*          1    00007070    00000010     UNINITIALIZED
                  00007070    00000010     F2806x_GlobalVariableDefs.obj (XIntruptRegsFile)

AdcRegsFile 
*          1    00007100    00000052     UNINITIALIZED
                  00007100    00000052     F2806x_GlobalVariableDefs.obj (AdcRegsFile)

SpibRegsFile 
*          1    00007740    00000010     UNINITIALIZED
                  00007740    00000010     F2806x_GlobalVariableDefs.obj (SpibRegsFile)

ScibRegsFile 
*          1    00007750    00000010     UNINITIALIZED
                  00007750    00000010     F2806x_GlobalVariableDefs.obj (ScibRegsFile)

I2caRegsFile 
*          1    00007900    00000022     UNINITIALIZED
                  00007900    00000022     F2806x_GlobalVariableDefs.obj (I2caRegsFile)

PartIdRegsFile 
*          1    003d7e80    00000001     UNINITIALIZED
                  003d7e80    00000001     F2806x_GlobalVariableDefs.obj (PartIdRegsFile)

CsmPwlFile 
*          1    003f7ff8    00000008     UNINITIALIZED
                  003f7ff8    00000008     F2806x_GlobalVariableDefs.obj (CsmPwlFile)

MODULE SUMMARY

       Module                          code   initialized data   uninitialized data
       ------                          ----   ----------------   ------------------
    .\Source\Apps\
       SmartBulb.obj                   671    226                96                
       utils.obj                       349    0                  0                 
       adc.obj                         83     0                  6                 
       sci.obj                         32     0                  0                 
       gpio.obj                        22     0                  0                 
       delay.obj                       21     0                  0                 
    +--+-------------------------------+------+------------------+--------------------+
       Total:                          1178   226                102               
                                                                                   
    .\Source\HwDrv\
       F2806x_GlobalVariableDefs.obj   0      0                  3552              
       F2806x_DefaultIsr.obj           873    0                  0                 
       F2806x_SysCtrl.obj              402    0                  0                 
       F2806x_PieVect.obj              56     256                0                 
       F2806x_CpuTimers.obj            130    0                  24                
       F2806x_Adc.obj                  103    0                  0                 
       F2806x_Sci.obj                  97     0                  0                 
       F2806x_Gpio.obj                 93     0                  0                 
       F2806x_PieCtrl.obj              72     0                  0                 
       F2806x_Xint1.obj                20     0                  2                 
       F2806x_CodeStartBranch.obj      10     0                  0                 
       F2806x_usDelay.obj              4      0                  0                 
    +--+-------------------------------+------+------------------+--------------------+
       Total:                          1860   256                3578              
                                                                                   
    C:/ti/ccsv7/tools/compiler/ti-cgt-c2000_16.9.11.LTS/lib/rts2800_fpu32.lib
       e_powf.obj                      897    62                 0                 
       fs_div28.obj                    136    0                  0                 
       s_scalbnf.obj                   101    6                  0                 
       boot28.obj                      86     0                  0                 
       exit.obj                        41     14                 6                 
       e_sqrtf.obj                     37     0                  0                 
       cpy_tbl.obj                     36     0                  0                 
       i_div28.obj                     34     0                  0                 
       memcpy.obj                      29     0                  0                 
       args_main.obj                   25     0                  0                 
       _lock.obj                       9      10                 4                 
       s_copysignf.obj                 17     0                  0                 
       strlen.obj                      8      0                  0                 
       errno.obj                       0      4                  1                 
       pre_init.obj                    2      0                  0                 
       startup.obj                     1      0                  0                 
    +--+-------------------------------+------+------------------+--------------------+
       Total:                          1459   96                 11                
                                                                                   
       Stack:                          0      0                  512               
    +--+-------------------------------+------+------------------+--------------------+
       Grand Total:                    4497   578                4203              


GLOBAL DATA SYMBOLS: SORTED BY DATA PAGE

address     data page           name
--------    ----------------    ----
00000002       0 (00000000)     _CpuTimer1
0000000a       0 (00000000)     _CpuTimer2
00000012       0 (00000000)     _CpuTimer0
0000001c       0 (00000000)     _tempData
00000020       0 (00000000)     ___TI_enable_exit_profile_output
00000022       0 (00000000)     ___TI_cleanup_ptr
00000024       0 (00000000)     ___TI_dtors_ptr
00000026       0 (00000000)     _xint1Counter
00000027       0 (00000000)     _xint1Cycle
00000028       0 (00000000)     __lock
0000002a       0 (00000000)     __unlock
0000002c       0 (00000000)     _errno

00000040       1 (00000040)     _cycle
00000041       1 (00000040)     _toggleCount
00000042       1 (00000040)     _coolDown_f
00000043       1 (00000040)     _SmartBulbStatus
00000044       1 (00000040)     _coolDownCnt
00000045       1 (00000040)     _BlinkRate
00000046       1 (00000040)     _BlinkRateCnt
00000047       1 (00000040)     _LoopCount
00000048       1 (00000040)     _ErrorCount
00000049       1 (00000040)     _ReceivedChar
0000004a       1 (00000040)     _BlinkRate_Hz
0000004c       1 (00000040)     _tempareture
0000004e       1 (00000040)     _SwVersionNumber

00000080       2 (00000080)     _HwVersionNumber

00000400      10 (00000400)     __stack

00000880      22 (00000880)     _DevEmuRegs

00000985      26 (00000980)     _SysPwrCtrlRegs

00000a80      2a (00000a80)     _FlashRegs

00000ae0      2b (00000ac0)     _CsmRegs

00000b00      2c (00000b00)     _AdcResult

00000c00      30 (00000c00)     _CpuTimer0Regs
00000c08      30 (00000c00)     _CpuTimer1Regs
00000c10      30 (00000c00)     _CpuTimer2Regs

00000ce0      33 (00000cc0)     _PieCtrlRegs

00000d00      34 (00000d00)     _EmuKey
00000d00      34 (00000d00)     _PieVectTable
00000d01      34 (00000d00)     _EmuBMode
00000d02      34 (00000d00)     _Flash_CallbackPtr
00000d04      34 (00000d00)     _Flash_CPUScaleFactor

00001000      40 (00001000)     _DmaRegs

00001400      50 (00001400)     _Cla1Regs

00004000     100 (00004000)     _Usb0Regs

00005000     140 (00005000)     _McbspaRegs

00006000     180 (00006000)     _ECanaRegs

00006040     181 (00006040)     _ECanaLAMRegs

00006080     182 (00006080)     _ECanaMOTSRegs

000060c0     183 (000060c0)     _ECanaMOTORegs

00006100     184 (00006100)     _ECanaMboxes

00006400     190 (00006400)     _Comp1Regs
00006420     190 (00006400)     _Comp2Regs

00006440     191 (00006440)     _Comp3Regs

00006800     1a0 (00006800)     _EPwm1Regs

00006840     1a1 (00006840)     _EPwm2Regs

00006880     1a2 (00006880)     _EPwm3Regs

000068c0     1a3 (000068c0)     _EPwm4Regs

00006900     1a4 (00006900)     _EPwm5Regs

00006940     1a5 (00006940)     _EPwm6Regs

00006980     1a6 (00006980)     _EPwm7Regs

000069c0     1a7 (000069c0)     _EPwm8Regs

00006a00     1a8 (00006a00)     _ECap1Regs
00006a20     1a8 (00006a00)     _ECap2Regs

00006a40     1a9 (00006a40)     _ECap3Regs

00006ac0     1ab (00006ac0)     _HRCap1Regs
00006ae0     1ab (00006ac0)     _HRCap2Regs

00006b00     1ac (00006b00)     _EQep1Regs

00006b40     1ad (00006b40)     _EQep2Regs

00006c80     1b2 (00006c80)     _HRCap3Regs
00006ca0     1b2 (00006c80)     _HRCap4Regs

00006f80     1be (00006f80)     _GpioCtrlRegs

00006fc0     1bf (00006fc0)     _GpioDataRegs
00006fe0     1bf (00006fc0)     _GpioIntRegs

00007010     1c0 (00007000)     _SysCtrlRegs

00007040     1c1 (00007040)     _SpiaRegs
00007050     1c1 (00007040)     _SciaRegs
00007060     1c1 (00007040)     _NmiIntruptRegs
00007070     1c1 (00007040)     _XIntruptRegs

00007100     1c4 (00007100)     _AdcRegs

00007740     1dd (00007740)     _SpibRegs
00007750     1dd (00007740)     _ScibRegs

00007900     1e4 (00007900)     _I2caRegs

0000b18c     2c6 (0000b180)     _PieVectTableInit

003d7e80    f5fa (003d7e80)     _PartIdRegs

003f7ff8    fdff (003f7fc0)     _CsmPwl


GLOBAL SYMBOLS: SORTED ALPHABETICALLY BY Name 

page  address   name                            
----  -------   ----                            
1     00000002  .bss                            
0     0000a000  .text                           
0     0000b00f  C$$EXIT                         
0     0000ac78  FS$$DIV                         
0     0000b0a7  I$$DIV                          
0     0000b0b8  I$$MOD                          
0     0000b038  _ADCINT1_ISR                    
0     0000a42b  _ADCINT2_ISR                    
0     0000a61f  _ADCINT3_ISR                    
0     0000a629  _ADCINT4_ISR                    
0     0000a633  _ADCINT5_ISR                    
0     0000a63d  _ADCINT6_ISR                    
0     0000a647  _ADCINT7_ISR                    
0     0000a651  _ADCINT8_ISR                    
0     0000a43f  _ADCINT9_ISR                    
1     00007100  _AdcRegs                        
1     00000b00  _AdcResult                      
1     00000045  _BlinkRate                      
1     00000046  _BlinkRateCnt                   
1     0000004a  _BlinkRate_Hz                   
0     0000a65b  _CLA1_INT1_ISR                  
0     0000a665  _CLA1_INT2_ISR                  
0     0000a66f  _CLA1_INT3_ISR                  
0     0000a679  _CLA1_INT4_ISR                  
0     0000a683  _CLA1_INT5_ISR                  
0     0000a68d  _CLA1_INT6_ISR                  
0     0000a697  _CLA1_INT7_ISR                  
0     0000a6a1  _CLA1_INT8_ISR                  
1     00001400  _Cla1Regs                       
1     00006400  _Comp1Regs                      
1     00006420  _Comp2Regs                      
1     00006440  _Comp3Regs                      
0     0000ad3b  _ConfigCpuTimer                 
0     0000afe6  _ConvertTemp                    
1     00000012  _CpuTimer0                      
1     00000c00  _CpuTimer0Regs                  
1     00000002  _CpuTimer1                      
1     00000c08  _CpuTimer1Regs                  
1     0000000a  _CpuTimer2                      
1     00000c10  _CpuTimer2Regs                  
1     003f7ff8  _CsmPwl                         
1     00000ae0  _CsmRegs                        
0     0000a7ef  _CsmUnlock                      
0     0000a381  _DATALOG_ISR                    
0     0000a593  _DINTCH1_ISR                    
0     0000a59d  _DINTCH2_ISR                    
0     0000a5a7  _DINTCH3_ISR                    
0     0000a5b1  _DINTCH4_ISR                    
0     0000a5bb  _DINTCH5_ISR                    
0     0000a5c5  _DINTCH6_ISR                    
0     00009000  _DSP28x_usDelay                 
0     0000b135  _Delay                          
1     00000880  _DevEmuRegs                     
0     0000a70e  _DisableDog                     
1     00001000  _DmaRegs                        
0     0000a60b  _ECAN0INTA_ISR                  
0     0000a615  _ECAN1INTA_ISR                  
0     0000a4f3  _ECAP1_INT_ISR                  
0     0000a4fd  _ECAP2_INT_ISR                  
0     0000a507  _ECAP3_INT_ISR                  
1     00006040  _ECanaLAMRegs                   
1     000060c0  _ECanaMOTORegs                  
1     00006080  _ECanaMOTSRegs                  
1     00006100  _ECanaMboxes                    
1     00006000  _ECanaRegs                      
1     00006a00  _ECap1Regs                      
1     00006a20  _ECap2Regs                      
1     00006a40  _ECap3Regs                      
0     0000a6c9  _EMPTY_ISR                      
0     0000a395  _EMUINT_ISR                     
0     0000a4a3  _EPWM1_INT_ISR                  
0     0000a453  _EPWM1_TZINT_ISR                
0     0000a4ad  _EPWM2_INT_ISR                  
0     0000a45d  _EPWM2_TZINT_ISR                
0     0000a4b7  _EPWM3_INT_ISR                  
0     0000a467  _EPWM3_TZINT_ISR                
0     0000a4c1  _EPWM4_INT_ISR                  
0     0000a471  _EPWM4_TZINT_ISR                
0     0000a4cb  _EPWM5_INT_ISR                  
0     0000a47b  _EPWM5_TZINT_ISR                
0     0000a4d5  _EPWM6_INT_ISR                  
0     0000a485  _EPWM6_TZINT_ISR                
0     0000a4df  _EPWM7_INT_ISR                  
0     0000a48f  _EPWM7_TZINT_ISR                
0     0000a4e9  _EPWM8_INT_ISR                  
0     0000a499  _EPWM8_TZINT_ISR                
1     00006800  _EPwm1Regs                      
1     00006840  _EPwm2Regs                      
1     00006880  _EPwm3Regs                      
1     000068c0  _EPwm4Regs                      
1     00006900  _EPwm5Regs                      
1     00006940  _EPwm6Regs                      
1     00006980  _EPwm7Regs                      
1     000069c0  _EPwm8Regs                      
0     0000a525  _EQEP1_INT_ISR                  
0     0000a52f  _EQEP2_INT_ISR                  
1     00006b00  _EQep1Regs                      
1     00006b40  _EQep2Regs                      
1     00000d01  _EmuBMode                       
1     00000d00  _EmuKey                         
0     0000af81  _EnableInterrupts               
1     00000048  _ErrorCount                     
0     0000a866  _ExtOscSel                      
1     00000a80  _FlashRegs                      
1     00000d04  _Flash_CPUScaleFactor           
1     00000d02  _Flash_CallbackPtr              
0     0000afe2  _GetTempRawData                 
0     0000a9fa  _Get_Xint1Cycle                 
1     00006f80  _GpioCtrlRegs                   
1     00006fc0  _GpioDataRegs                   
1     00006fe0  _GpioIntRegs                    
0     0000a511  _HRCAP1_INT_ISR                 
0     0000a51b  _HRCAP2_INT_ISR                 
0     0000a539  _HRCAP3_INT_ISR                 
0     0000a543  _HRCAP4_INT_ISR                 
1     00006ac0  _HRCap1Regs                     
1     00006ae0  _HRCap2Regs                     
1     00006c80  _HRCap3Regs                     
1     00006ca0  _HRCap4Regs                     
1     00000080  _HwVersionNumber                
0     0000a5cf  _I2CINT1A_ISR                   
0     0000a5d9  _I2CINT2A_ISR                   
1     00007900  _I2caRegs                       
0     0000a3a9  _ILLEGAL_ISR                    
0     0000ab99  _INT13_ISR                      
0     0000abf3  _INT14_ISR                      
0     0000ad82  _InitAdc                        
0     0000a9b2  _InitApp                        
0     0000ad00  _InitCpuTimers                  
0     0000a9bf  _InitDevice                     
0     0000aeaf  _InitGpio                       
0     0000a799  _InitPeripheralClocks           
0     0000af62  _InitPieCtrl                    
0     0000afaa  _InitPieVectTable               
0     0000a716  _InitPll                        
0     0000a76b  _InitPll2                       
0     0000ae4e  _InitSci                        
0     0000ae4f  _InitSciGpio                    
0     0000ae54  _InitSciaGpio                   
0     0000ae6a  _InitScibGpio                   
0     0000a6ea  _InitSysCtrl                    
0     0000ad97  _InitTempSensor                 
0     0000b14a  _InitXint1                      
0     0000a820  _IntOsc1Sel                     
0     0000a830  _IntOsc2Sel                     
0     0000a8b4  _LED_BlinkRateSet               
0     0000b11f  _LED_Ctrl                       
0     0000a6bf  _LUF_ISR                        
0     0000a6b5  _LVF_ISR                        
0     0000aed6  _LedBlueCtrl                    
0     0000aef1  _LedRedCtrl                     
1     00000047  _LoopCount                      
0     0000a57f  _MRINTA_ISR                     
0     0000a589  _MXINTA_ISR                     
1     00005000  _McbspaRegs                     
0     0000a39f  _NMI_ISR                        
1     00007060  _NmiIntruptRegs                 
0     0000a6d6  _PIE_RESERVED                   
1     003d7e80  _PartIdRegs                     
1     00000ce0  _PieCtrlRegs                    
1     00000d00  _PieVectTable                   
0     0000b18c  _PieVectTableInit               
0     0000a38b  _RTOSINT_ISR                    
1     00000049  _ReceivedChar                   
0     0000a5e3  _SCIRXINTA_ISR                  
0     0000a5f7  _SCIRXINTB_ISR                  
0     0000a5ed  _SCITXINTA_ISR                  
0     0000a601  _SCITXINTB_ISR                  
0     0000ae7e  _SCIa_Init                      
0     0000a557  _SPIRXINTA_ISR                  
0     0000a56b  _SPIRXINTB_ISR                  
0     0000a561  _SPITXINTA_ISR                  
0     0000a575  _SPITXINTB_ISR                  
1     00007050  _SciaRegs                       
1     00007750  _ScibRegs                       
0     0000a704  _ServiceDog                     
1     00000043  _SmartBulbStatus                
1     00007040  _SpiaRegs                       
1     00007740  _SpibRegs                       
0     0000adde  _StartTempSampling              
1     0000004e  _SwVersionNumber                
1     00007010  _SysCtrlRegs                    
1     00000985  _SysPwrCtrlRegs                 
0     0000ab5b  _TINT0_ISR                      
0     0000a54d  _USB0_INT_ISR                   
0     0000a40d  _USER10_ISR                     
0     0000a417  _USER11_ISR                     
0     0000a421  _USER12_ISR                     
0     0000a3b3  _USER1_ISR                      
0     0000a3bd  _USER2_ISR                      
0     0000a3c7  _USER3_ISR                      
0     0000a3d1  _USER4_ISR                      
0     0000a3db  _USER5_ISR                      
0     0000a3e5  _USER6_ISR                      
0     0000a3ef  _USER7_ISR                      
0     0000a3f9  _USER8_ISR                      
0     0000a403  _USER9_ISR                      
1     00004000  _Usb0Regs                       
0     0000a449  _WAKEINT_ISR                    
0     0000ac38  _XINT1_ISR                      
0     0000a435  _XINT2_ISR                      
0     0000a6ab  _XINT3_ISR                      
1     00007070  _XIntruptRegs                   
0     0000a84a  _XtalOscSel                     
1     00000600  __STACK_END                     
abs   00000200  __STACK_SIZE                    
1     00000022  ___TI_cleanup_ptr               
1     00000024  ___TI_dtors_ptr                 
1     00000020  ___TI_enable_exit_profile_output
abs   ffffffff  ___TI_pprof_out_hndl            
abs   ffffffff  ___TI_prof_data_size            
abs   ffffffff  ___TI_prof_data_start           
abs   ffffffff  ___binit__                      
1     00000002  ___bss__                        
abs   ffffffff  ___c_args__                     
0     0000b38c  ___cinit__                      
1     00000002  ___end__                        
0     0000b18b  ___etext__                      
abs   ffffffff  ___pinit__                      
0     0000a000  ___text__                       
0     0000b106  __args_main                     
1     00000028  __lock                          
0     0000b177  __nop                           
0     0000b173  __register_lock                 
0     0000b16f  __register_unlock               
1     00000400  __stack                         
0     0000b18a  __system_post_cinit             
0     0000b188  __system_pre_init               
1     0000002a  __unlock                        
0     0000b00f  _abort                          
0     0000af0c  _c_int00                        
1     00000044  _coolDownCnt                    
1     00000042  _coolDown_f                     
0     0000b083  _copy_in                        
0     0000b15e  _copysign                       
0     0000b15e  _copysignf                      
1     00000040  _cycle                          
0     0000aa54  _divide                         
1     0000002c  _errno                          
0     0000b011  _exit                           
0     0000ade9  _ldexp                          
0     0000ade9  _ldexpf                         
0     0000a87c  _main                           
0     0000b0e9  _memcpy                         
0     0000a000  _pow                            
0     0000a000  _powf                           
0     0000aa8e  _reverse                        
0     0000a6e0  _rsvd_ISR                       
0     0000aa13  _s_memcpy                       
0     0000a9fe  _s_memset                       
0     0000aa3b  _s_strncmp                      
0     0000ade9  _scalbn                         
0     0000ade9  _scalbnf                        
0     0000b0e3  _sciA_RecvByte                  
0     0000b0c9  _sciA_TxmtByte                  
0     0000b0d0  _sciA_TxmtString                
0     0000ae8f  _scia_fifo_init                 
0     0000aea3  _scia_recv                      
0     0000ae97  _scia_xmit                      
0     0000b05e  _sqrt                           
0     0000b05e  _sqrtf                          
0     0000aa6b  _strReverse                     
0     0000b180  _strlen                         
1     0000001c  _tempData                       
1     0000004c  _tempareture                    
1     00000041  _toggleCount                    
0     0000aae5  _uItoa                          
0     0000ab1e  _u_ftoa                         
0     0000aab0  _u_itoa                         
1     00000026  _xint1Counter                   
1     00000027  _xint1Cycle                     
abs   ffffffff  binit                           
0     0000b38c  cinit                           
0     00000000  code_start                      
1     00000002  end                             
0     0000b18b  etext                           
abs   ffffffff  pinit                           


GLOBAL SYMBOLS: SORTED BY Symbol Address 

page  address   name                            
----  -------   ----                            
0     00000000  code_start                      
0     00009000  _DSP28x_usDelay                 
0     0000a000  .text                           
0     0000a000  ___text__                       
0     0000a000  _pow                            
0     0000a000  _powf                           
0     0000a381  _DATALOG_ISR                    
0     0000a38b  _RTOSINT_ISR                    
0     0000a395  _EMUINT_ISR                     
0     0000a39f  _NMI_ISR                        
0     0000a3a9  _ILLEGAL_ISR                    
0     0000a3b3  _USER1_ISR                      
0     0000a3bd  _USER2_ISR                      
0     0000a3c7  _USER3_ISR                      
0     0000a3d1  _USER4_ISR                      
0     0000a3db  _USER5_ISR                      
0     0000a3e5  _USER6_ISR                      
0     0000a3ef  _USER7_ISR                      
0     0000a3f9  _USER8_ISR                      
0     0000a403  _USER9_ISR                      
0     0000a40d  _USER10_ISR                     
0     0000a417  _USER11_ISR                     
0     0000a421  _USER12_ISR                     
0     0000a42b  _ADCINT2_ISR                    
0     0000a435  _XINT2_ISR                      
0     0000a43f  _ADCINT9_ISR                    
0     0000a449  _WAKEINT_ISR                    
0     0000a453  _EPWM1_TZINT_ISR                
0     0000a45d  _EPWM2_TZINT_ISR                
0     0000a467  _EPWM3_TZINT_ISR                
0     0000a471  _EPWM4_TZINT_ISR                
0     0000a47b  _EPWM5_TZINT_ISR                
0     0000a485  _EPWM6_TZINT_ISR                
0     0000a48f  _EPWM7_TZINT_ISR                
0     0000a499  _EPWM8_TZINT_ISR                
0     0000a4a3  _EPWM1_INT_ISR                  
0     0000a4ad  _EPWM2_INT_ISR                  
0     0000a4b7  _EPWM3_INT_ISR                  
0     0000a4c1  _EPWM4_INT_ISR                  
0     0000a4cb  _EPWM5_INT_ISR                  
0     0000a4d5  _EPWM6_INT_ISR                  
0     0000a4df  _EPWM7_INT_ISR                  
0     0000a4e9  _EPWM8_INT_ISR                  
0     0000a4f3  _ECAP1_INT_ISR                  
0     0000a4fd  _ECAP2_INT_ISR                  
0     0000a507  _ECAP3_INT_ISR                  
0     0000a511  _HRCAP1_INT_ISR                 
0     0000a51b  _HRCAP2_INT_ISR                 
0     0000a525  _EQEP1_INT_ISR                  
0     0000a52f  _EQEP2_INT_ISR                  
0     0000a539  _HRCAP3_INT_ISR                 
0     0000a543  _HRCAP4_INT_ISR                 
0     0000a54d  _USB0_INT_ISR                   
0     0000a557  _SPIRXINTA_ISR                  
0     0000a561  _SPITXINTA_ISR                  
0     0000a56b  _SPIRXINTB_ISR                  
0     0000a575  _SPITXINTB_ISR                  
0     0000a57f  _MRINTA_ISR                     
0     0000a589  _MXINTA_ISR                     
0     0000a593  _DINTCH1_ISR                    
0     0000a59d  _DINTCH2_ISR                    
0     0000a5a7  _DINTCH3_ISR                    
0     0000a5b1  _DINTCH4_ISR                    
0     0000a5bb  _DINTCH5_ISR                    
0     0000a5c5  _DINTCH6_ISR                    
0     0000a5cf  _I2CINT1A_ISR                   
0     0000a5d9  _I2CINT2A_ISR                   
0     0000a5e3  _SCIRXINTA_ISR                  
0     0000a5ed  _SCITXINTA_ISR                  
0     0000a5f7  _SCIRXINTB_ISR                  
0     0000a601  _SCITXINTB_ISR                  
0     0000a60b  _ECAN0INTA_ISR                  
0     0000a615  _ECAN1INTA_ISR                  
0     0000a61f  _ADCINT3_ISR                    
0     0000a629  _ADCINT4_ISR                    
0     0000a633  _ADCINT5_ISR                    
0     0000a63d  _ADCINT6_ISR                    
0     0000a647  _ADCINT7_ISR                    
0     0000a651  _ADCINT8_ISR                    
0     0000a65b  _CLA1_INT1_ISR                  
0     0000a665  _CLA1_INT2_ISR                  
0     0000a66f  _CLA1_INT3_ISR                  
0     0000a679  _CLA1_INT4_ISR                  
0     0000a683  _CLA1_INT5_ISR                  
0     0000a68d  _CLA1_INT6_ISR                  
0     0000a697  _CLA1_INT7_ISR                  
0     0000a6a1  _CLA1_INT8_ISR                  
0     0000a6ab  _XINT3_ISR                      
0     0000a6b5  _LVF_ISR                        
0     0000a6bf  _LUF_ISR                        
0     0000a6c9  _EMPTY_ISR                      
0     0000a6d6  _PIE_RESERVED                   
0     0000a6e0  _rsvd_ISR                       
0     0000a6ea  _InitSysCtrl                    
0     0000a704  _ServiceDog                     
0     0000a70e  _DisableDog                     
0     0000a716  _InitPll                        
0     0000a76b  _InitPll2                       
0     0000a799  _InitPeripheralClocks           
0     0000a7ef  _CsmUnlock                      
0     0000a820  _IntOsc1Sel                     
0     0000a830  _IntOsc2Sel                     
0     0000a84a  _XtalOscSel                     
0     0000a866  _ExtOscSel                      
0     0000a87c  _main                           
0     0000a8b4  _LED_BlinkRateSet               
0     0000a9b2  _InitApp                        
0     0000a9bf  _InitDevice                     
0     0000a9fa  _Get_Xint1Cycle                 
0     0000a9fe  _s_memset                       
0     0000aa13  _s_memcpy                       
0     0000aa3b  _s_strncmp                      
0     0000aa54  _divide                         
0     0000aa6b  _strReverse                     
0     0000aa8e  _reverse                        
0     0000aab0  _u_itoa                         
0     0000aae5  _uItoa                          
0     0000ab1e  _u_ftoa                         
0     0000ab5b  _TINT0_ISR                      
0     0000ab99  _INT13_ISR                      
0     0000abf3  _INT14_ISR                      
0     0000ac38  _XINT1_ISR                      
0     0000ac78  FS$$DIV                         
0     0000ad00  _InitCpuTimers                  
0     0000ad3b  _ConfigCpuTimer                 
0     0000ad82  _InitAdc                        
0     0000ad97  _InitTempSensor                 
0     0000adde  _StartTempSampling              
0     0000ade9  _ldexp                          
0     0000ade9  _ldexpf                         
0     0000ade9  _scalbn                         
0     0000ade9  _scalbnf                        
0     0000ae4e  _InitSci                        
0     0000ae4f  _InitSciGpio                    
0     0000ae54  _InitSciaGpio                   
0     0000ae6a  _InitScibGpio                   
0     0000ae7e  _SCIa_Init                      
0     0000ae8f  _scia_fifo_init                 
0     0000ae97  _scia_xmit                      
0     0000aea3  _scia_recv                      
0     0000aeaf  _InitGpio                       
0     0000aed6  _LedBlueCtrl                    
0     0000aef1  _LedRedCtrl                     
0     0000af0c  _c_int00                        
0     0000af62  _InitPieCtrl                    
0     0000af81  _EnableInterrupts               
0     0000afaa  _InitPieVectTable               
0     0000afe2  _GetTempRawData                 
0     0000afe6  _ConvertTemp                    
0     0000b00f  C$$EXIT                         
0     0000b00f  _abort                          
0     0000b011  _exit                           
0     0000b038  _ADCINT1_ISR                    
0     0000b05e  _sqrt                           
0     0000b05e  _sqrtf                          
0     0000b083  _copy_in                        
0     0000b0a7  I$$DIV                          
0     0000b0b8  I$$MOD                          
0     0000b0c9  _sciA_TxmtByte                  
0     0000b0d0  _sciA_TxmtString                
0     0000b0e3  _sciA_RecvByte                  
0     0000b0e9  _memcpy                         
0     0000b106  __args_main                     
0     0000b11f  _LED_Ctrl                       
0     0000b135  _Delay                          
0     0000b14a  _InitXint1                      
0     0000b15e  _copysign                       
0     0000b15e  _copysignf                      
0     0000b16f  __register_unlock               
0     0000b173  __register_lock                 
0     0000b177  __nop                           
0     0000b180  _strlen                         
0     0000b188  __system_pre_init               
0     0000b18a  __system_post_cinit             
0     0000b18b  ___etext__                      
0     0000b18b  etext                           
0     0000b18c  _PieVectTableInit               
0     0000b38c  ___cinit__                      
0     0000b38c  cinit                           
1     00000002  .bss                            
1     00000002  _CpuTimer1                      
1     00000002  ___bss__                        
1     00000002  ___end__                        
1     00000002  end                             
1     0000000a  _CpuTimer2                      
1     00000012  _CpuTimer0                      
1     0000001c  _tempData                       
1     00000020  ___TI_enable_exit_profile_output
1     00000022  ___TI_cleanup_ptr               
1     00000024  ___TI_dtors_ptr                 
1     00000026  _xint1Counter                   
1     00000027  _xint1Cycle                     
1     00000028  __lock                          
1     0000002a  __unlock                        
1     0000002c  _errno                          
1     00000040  _cycle                          
1     00000041  _toggleCount                    
1     00000042  _coolDown_f                     
1     00000043  _SmartBulbStatus                
1     00000044  _coolDownCnt                    
1     00000045  _BlinkRate                      
1     00000046  _BlinkRateCnt                   
1     00000047  _LoopCount                      
1     00000048  _ErrorCount                     
1     00000049  _ReceivedChar                   
1     0000004a  _BlinkRate_Hz                   
1     0000004c  _tempareture                    
1     0000004e  _SwVersionNumber                
1     00000080  _HwVersionNumber                
1     00000400  __stack                         
1     00000600  __STACK_END                     
1     00000880  _DevEmuRegs                     
1     00000985  _SysPwrCtrlRegs                 
1     00000a80  _FlashRegs                      
1     00000ae0  _CsmRegs                        
1     00000b00  _AdcResult                      
1     00000c00  _CpuTimer0Regs                  
1     00000c08  _CpuTimer1Regs                  
1     00000c10  _CpuTimer2Regs                  
1     00000ce0  _PieCtrlRegs                    
1     00000d00  _EmuKey                         
1     00000d00  _PieVectTable                   
1     00000d01  _EmuBMode                       
1     00000d02  _Flash_CallbackPtr              
1     00000d04  _Flash_CPUScaleFactor           
1     00001000  _DmaRegs                        
1     00001400  _Cla1Regs                       
1     00004000  _Usb0Regs                       
1     00005000  _McbspaRegs                     
1     00006000  _ECanaRegs                      
1     00006040  _ECanaLAMRegs                   
1     00006080  _ECanaMOTSRegs                  
1     000060c0  _ECanaMOTORegs                  
1     00006100  _ECanaMboxes                    
1     00006400  _Comp1Regs                      
1     00006420  _Comp2Regs                      
1     00006440  _Comp3Regs                      
1     00006800  _EPwm1Regs                      
1     00006840  _EPwm2Regs                      
1     00006880  _EPwm3Regs                      
1     000068c0  _EPwm4Regs                      
1     00006900  _EPwm5Regs                      
1     00006940  _EPwm6Regs                      
1     00006980  _EPwm7Regs                      
1     000069c0  _EPwm8Regs                      
1     00006a00  _ECap1Regs                      
1     00006a20  _ECap2Regs                      
1     00006a40  _ECap3Regs                      
1     00006ac0  _HRCap1Regs                     
1     00006ae0  _HRCap2Regs                     
1     00006b00  _EQep1Regs                      
1     00006b40  _EQep2Regs                      
1     00006c80  _HRCap3Regs                     
1     00006ca0  _HRCap4Regs                     
1     00006f80  _GpioCtrlRegs                   
1     00006fc0  _GpioDataRegs                   
1     00006fe0  _GpioIntRegs                    
1     00007010  _SysCtrlRegs                    
1     00007040  _SpiaRegs                       
1     00007050  _SciaRegs                       
1     00007060  _NmiIntruptRegs                 
1     00007070  _XIntruptRegs                   
1     00007100  _AdcRegs                        
1     00007740  _SpibRegs                       
1     00007750  _ScibRegs                       
1     00007900  _I2caRegs                       
1     003d7e80  _PartIdRegs                     
1     003f7ff8  _CsmPwl                         
abs   00000200  __STACK_SIZE                    
abs   ffffffff  ___TI_pprof_out_hndl            
abs   ffffffff  ___TI_prof_data_size            
abs   ffffffff  ___TI_prof_data_start           
abs   ffffffff  ___binit__                      
abs   ffffffff  ___c_args__                     
abs   ffffffff  ___pinit__                      
abs   ffffffff  binit                           
abs   ffffffff  pinit                           

[277 symbols]
