******************************************************************************
             TMS320C2000 Linker PC v16.9.11                    
******************************************************************************
>> Linked Fri Jul 24 14:14:12 2020

OUTPUT FILE NAME:   <Example_2806xSci_Echoback.out>
ENTRY POINT SYMBOL: "code_start"  address: 00000000


MEMORY CONFIGURATION

         name            origin    length      used     unused   attr    fill
----------------------  --------  ---------  --------  --------  ----  --------
PAGE 0:
  BEGIN_M0              00000000   00000002  00000002  00000000  RWIX
  L3DPSARAM             00009000   00001000  00000004  00000ffc  RWIX
  L4SARAM               0000a000   00002000  00001236  00000dca  RWIX
  FPUTABLES             003fd860   000006a0  00000000  000006a0  R   
  IQTABLES              003fdf00   00000b50  00000000  00000b50  R   
  IQTABLES2             003fea50   0000008c  00000000  0000008c  R   
  IQTABLES3             003feadc   000000aa  00000000  000000aa  R   
  RESET                 003fffc0   00000002  00000000  00000002  R   

PAGE 1:
  M0SARAM               00000002   000003fe  0000009e  00000360  RWIX
  M1SARAM               00000400   00000400  00000200  00000200  RWIX
  DEV_EMU               00000880   00000105  00000004  00000101  RWIX
  SYS_PWR_CTL           00000985   00000003  00000003  00000000  RWIX
  FLASH_REGS            00000a80   00000060  00000008  00000058  RWIX
  CSM                   00000ae0   00000020  00000010  00000010  RWIX
  ADC_RESULT            00000b00   00000020  00000010  00000010  RWIX
  CPU_TIMER0            00000c00   00000008  00000008  00000000  RWIX
  CPU_TIMER1            00000c08   00000008  00000008  00000000  RWIX
  CPU_TIMER2            00000c10   00000008  00000008  00000000  RWIX
  PIE_CTRL              00000ce0   00000020  0000001a  00000006  RWIX
  PIE_VECT              00000d00   00000100  00000100  00000000  RWIX
  DMA                   00001000   00000200  000000e0  00000120  RWIX
  CLA1                  00001400   00000080  00000040  00000040  RWIX
  USB0                  00004000   00001000  00000454  00000bac  RWIX
  McBSPA                00005000   00000040  00000024  0000001c  RWIX
  ECANA                 00006000   00000040  00000034  0000000c  RWIX
  ECANA_LAM             00006040   00000040  00000040  00000000  RWIX
  ECANA_MOTS            00006080   00000040  00000040  00000000  RWIX
  ECANA_MOTO            000060c0   00000040  00000040  00000000  RWIX
  ECANA_MBOX            00006100   00000100  00000100  00000000  RWIX
  COMP1                 00006400   00000020  00000014  0000000c  RWIX
  COMP2                 00006420   00000020  00000014  0000000c  RWIX
  COMP3                 00006440   00000020  00000014  0000000c  RWIX
  EPWM1                 00006800   00000040  00000040  00000000  RWIX
  EPWM2                 00006840   00000040  00000040  00000000  RWIX
  EPWM3                 00006880   00000040  00000040  00000000  RWIX
  EPWM4                 000068c0   00000040  00000040  00000000  RWIX
  EPWM5                 00006900   00000040  00000040  00000000  RWIX
  EPWM6                 00006940   00000040  00000040  00000000  RWIX
  EPWM7                 00006980   00000040  00000040  00000000  RWIX
  EPWM8                 000069c0   00000040  00000040  00000000  RWIX
  ECAP1                 00006a00   00000020  00000020  00000000  RWIX
  ECAP2                 00006a20   00000020  00000020  00000000  RWIX
  ECAP3                 00006a40   00000020  00000020  00000000  RWIX
  HRCAP1                00006ac0   00000020  00000020  00000000  RWIX
  HRCAP2                00006ae0   00000020  00000020  00000000  RWIX
  EQEP1                 00006b00   00000040  00000022  0000001e  RWIX
  EQEP2                 00006b40   00000040  00000022  0000001e  RWIX
  HRCAP3                00006c80   00000020  00000020  00000000  RWIX
  HRCAP4                00006ca0   00000020  00000020  00000000  RWIX
  GPIOCTRL              00006f80   00000040  00000040  00000000  RWIX
  GPIODAT               00006fc0   00000020  00000020  00000000  RWIX
  GPIOINT               00006fe0   00000020  00000020  00000000  RWIX
  SYSTEM                00007010   00000030  00000030  00000000  RWIX
  SPIA                  00007040   00000010  00000010  00000000  RWIX
  SCIA                  00007050   00000010  00000010  00000000  RWIX
  NMIINTRUPT            00007060   00000010  00000010  00000000  RWIX
  XINTRUPT              00007070   00000010  00000010  00000000  RWIX
  ADC                   00007100   00000080  00000050  00000030  RWIX
  SPIB                  00007740   00000010  00000010  00000000  RWIX
  SCIB                  00007750   00000010  00000010  00000000  RWIX
  I2CA                  00007900   00000040  00000022  0000001e  RWIX
  L0DPSARAM             00008000   00000800  00000000  00000800  RWIX
  L1DPSARAM             00008800   00000400  00000000  00000400  RWIX
  L2DPSARAM             00008c00   00000400  00000000  00000400  RWIX
  L5DPSARAM             0000c000   00002000  00000000  00002000  RWIX
  L6DPSARAM             0000e000   00002000  00000000  00002000  RWIX
  L7DPSARAM             00010000   00002000  00000000  00002000  RWIX
  L8DPSARAM             00012000   00002000  00000000  00002000  RWIX
  PARTID                003d7e80   00000001  00000001  00000000  RWIX
  CSM_PWL               003f7ff8   00000008  00000008  00000000  RWIX


SECTION ALLOCATION MAP

 output                                  attributes/
section   page    origin      length       input sections
--------  ----  ----------  ----------   ----------------
.text      0    0000a000    0000100a     
                  0000a000    00000381     rts2800_fpu32.lib : e_powf.obj (.text)
                  0000a381    00000373     F2806x_DefaultIsr.obj (.text:retain)
                  0000a6f4    00000192     F2806x_SysCtrl.obj (.text)
                  0000a886    0000015d     utils.obj (.text)
                  0000a9e3    0000013d     SmartBulb.obj (.text)
                  0000ab20    000000a8     SmartBulb.obj (.text:retain)
                  0000abc8    00000088     rts2800_fpu32.lib : fs_div28.obj (.text)
                  0000ac50    00000082     F2806x_CpuTimers.obj (.text)
                  0000acd2    00000065     rts2800_fpu32.lib : s_scalbnf.obj (.text)
                  0000ad37    00000061     F2806x_Sci.obj (.text)
                  0000ad98    0000005d     F2806x_Gpio.obj (.text)
                  0000adf5    00000056     rts2800_fpu32.lib : boot28.obj (.text)
                  0000ae4b    00000048     F2806x_PieCtrl.obj (.text)
                  0000ae93    00000036     F2806x_PieVect.obj (.text)
                  0000aec9    00000029     rts2800_fpu32.lib : exit.obj (.text)
                  0000aef2    00000025                       : e_sqrtf.obj (.text)
                  0000af17    00000024                       : cpy_tbl.obj (.text)
                  0000af3b    00000022                       : i_div28.obj (.text)
                  0000af5d    00000020     sci.obj (.text)
                  0000af7d    0000001d     rts2800_fpu32.lib : memcpy.obj (.text)
                  0000af9a    00000019                       : args_main.obj (.text)
                  0000afb3    00000016     gpio.obj (.text)
                  0000afc9    00000014     F2806x_Xint1.obj (.text)
                  0000afdd    00000011     rts2800_fpu32.lib : s_copysignf.obj (.text)
                  0000afee    00000009                       : _lock.obj (.text)
                  0000aff7    00000008     F2806x_CodeStartBranch.obj (.text)
                  0000afff    00000008     rts2800_fpu32.lib : strlen.obj (.text)
                  0000b007    00000002                       : pre_init.obj (.text)
                  0000b009    00000001                       : startup.obj (.text)

.econst    0    0000b00a    000001e8     
                  0000b00a    00000100     F2806x_PieVect.obj (.econst:_PieVectTableInit)
                  0000b10a    00000094     SmartBulb.obj (.econst:.string)
                  0000b19e    00000032     rts2800_fpu32.lib : e_powf.obj (.econst)
                  0000b1d0    00000010     SmartBulb.obj (.econst:.string:_$P$T0$1)
                  0000b1e0    00000006     rts2800_fpu32.lib : s_scalbnf.obj (.econst)
                  0000b1e6    00000004                       : e_powf.obj (.econst:_bp)
                  0000b1ea    00000004                       : e_powf.obj (.econst:_dp_h)
                  0000b1ee    00000004                       : e_powf.obj (.econst:_dp_l)

.cinit     0    0000b1f2    00000044     
                  0000b1f2    00000026     SmartBulb.obj (.cinit)
                  0000b218    0000000e     rts2800_fpu32.lib : exit.obj (.cinit)
                  0000b226    00000005                       : _lock.obj (.cinit:__lock)
                  0000b22b    00000005                       : _lock.obj (.cinit:__unlock)
                  0000b230    00000004                       : errno.obj (.cinit)
                  0000b234    00000002     --HOLE-- [fill = 0]

.pinit     0    0000a000    00000000     UNINITIALIZED

.reset     0    003fffc0    00000002     DSECT
                  003fffc0    00000002     rts2800_fpu32.lib : boot28.obj (.reset)

.bss       1    00000002    00000000     UNINITIALIZED

.ebss      1    00000002    0000009e     UNINITIALIZED
                  00000002    00000018     F2806x_CpuTimers.obj (.ebss)
                  0000001a    00000006     rts2800_fpu32.lib : exit.obj (.ebss)
                  00000020    00000004     TempMonitor.obj (.ebss)
                  00000024    00000002     F2806x_Xint1.obj (.ebss)
                  00000026    00000002     rts2800_fpu32.lib : _lock.obj (.ebss:__lock)
                  00000028    00000002                       : _lock.obj (.ebss:__unlock)
                  0000002a    00000001                       : errno.obj (.ebss)
                  0000002b    00000015     --HOLE--
                  00000040    00000060     SmartBulb.obj (.ebss)

.stack     1    00000400    00000200     UNINITIALIZED
                  00000400    00000200     --HOLE--

codestart 
*          0    00000000    00000002     
                  00000000    00000002     F2806x_CodeStartBranch.obj (codestart)

ramfuncs   0    00009000    00000004     
                  00009000    00000004     F2806x_usDelay.obj (ramfuncs)

DevEmuRegsFile 
*          1    00000880    00000004     UNINITIALIZED
                  00000880    00000004     F2806x_GlobalVariableDefs.obj (DevEmuRegsFile)

SysPwrCtrlRegsFile 
*          1    00000985    00000003     UNINITIALIZED
                  00000985    00000003     F2806x_GlobalVariableDefs.obj (SysPwrCtrlRegsFile)

FlashRegsFile 
*          1    00000a80    00000008     UNINITIALIZED
                  00000a80    00000008     F2806x_GlobalVariableDefs.obj (FlashRegsFile)

CsmRegsFile 
*          1    00000ae0    00000010     UNINITIALIZED
                  00000ae0    00000010     F2806x_GlobalVariableDefs.obj (CsmRegsFile)

AdcResultFile 
*          1    00000b00    00000010     UNINITIALIZED
                  00000b00    00000010     F2806x_GlobalVariableDefs.obj (AdcResultFile)

CpuTimer0RegsFile 
*          1    00000c00    00000008     UNINITIALIZED
                  00000c00    00000008     F2806x_GlobalVariableDefs.obj (CpuTimer0RegsFile)

CpuTimer1RegsFile 
*          1    00000c08    00000008     UNINITIALIZED
                  00000c08    00000008     F2806x_GlobalVariableDefs.obj (CpuTimer1RegsFile)

CpuTimer2RegsFile 
*          1    00000c10    00000008     UNINITIALIZED
                  00000c10    00000008     F2806x_GlobalVariableDefs.obj (CpuTimer2RegsFile)

PieCtrlRegsFile 
*          1    00000ce0    0000001a     UNINITIALIZED
                  00000ce0    0000001a     F2806x_GlobalVariableDefs.obj (PieCtrlRegsFile)

PieVectTableFile 
*          1    00000d00    00000100     UNINITIALIZED
                  00000d00    00000100     F2806x_GlobalVariableDefs.obj (PieVectTableFile)

EmuKeyVar 
*          1    00000d00    00000001     UNINITIALIZED
                  00000d00    00000001     F2806x_GlobalVariableDefs.obj (EmuKeyVar)

EmuBModeVar 
*          1    00000d01    00000001     UNINITIALIZED
                  00000d01    00000001     F2806x_GlobalVariableDefs.obj (EmuBModeVar)

FlashCallbackVar 
*          1    00000d02    00000002     UNINITIALIZED
                  00000d02    00000002     F2806x_GlobalVariableDefs.obj (FlashCallbackVar)

FlashScalingVar 
*          1    00000d04    00000002     UNINITIALIZED
                  00000d04    00000002     F2806x_GlobalVariableDefs.obj (FlashScalingVar)

DmaRegsFile 
*          1    00001000    000000e0     UNINITIALIZED
                  00001000    000000e0     F2806x_GlobalVariableDefs.obj (DmaRegsFile)

Cla1RegsFile 
*          1    00001400    00000040     UNINITIALIZED
                  00001400    00000040     F2806x_GlobalVariableDefs.obj (Cla1RegsFile)

Usb0RegsFile 
*          1    00004000    00000454     UNINITIALIZED
                  00004000    00000454     F2806x_GlobalVariableDefs.obj (Usb0RegsFile)

McbspaRegsFile 
*          1    00005000    00000024     UNINITIALIZED
                  00005000    00000024     F2806x_GlobalVariableDefs.obj (McbspaRegsFile)

ECanaRegsFile 
*          1    00006000    00000034     UNINITIALIZED
                  00006000    00000034     F2806x_GlobalVariableDefs.obj (ECanaRegsFile)

ECanaLAMRegsFile 
*          1    00006040    00000040     UNINITIALIZED
                  00006040    00000040     F2806x_GlobalVariableDefs.obj (ECanaLAMRegsFile)

ECanaMOTSRegsFile 
*          1    00006080    00000040     UNINITIALIZED
                  00006080    00000040     F2806x_GlobalVariableDefs.obj (ECanaMOTSRegsFile)

ECanaMOTORegsFile 
*          1    000060c0    00000040     UNINITIALIZED
                  000060c0    00000040     F2806x_GlobalVariableDefs.obj (ECanaMOTORegsFile)

ECanaMboxesFile 
*          1    00006100    00000100     UNINITIALIZED
                  00006100    00000100     F2806x_GlobalVariableDefs.obj (ECanaMboxesFile)

Comp1RegsFile 
*          1    00006400    00000014     UNINITIALIZED
                  00006400    00000014     F2806x_GlobalVariableDefs.obj (Comp1RegsFile)

Comp2RegsFile 
*          1    00006420    00000014     UNINITIALIZED
                  00006420    00000014     F2806x_GlobalVariableDefs.obj (Comp2RegsFile)

Comp3RegsFile 
*          1    00006440    00000014     UNINITIALIZED
                  00006440    00000014     F2806x_GlobalVariableDefs.obj (Comp3RegsFile)

EPwm1RegsFile 
*          1    00006800    00000040     UNINITIALIZED
                  00006800    00000040     F2806x_GlobalVariableDefs.obj (EPwm1RegsFile)

EPwm2RegsFile 
*          1    00006840    00000040     UNINITIALIZED
                  00006840    00000040     F2806x_GlobalVariableDefs.obj (EPwm2RegsFile)

EPwm3RegsFile 
*          1    00006880    00000040     UNINITIALIZED
                  00006880    00000040     F2806x_GlobalVariableDefs.obj (EPwm3RegsFile)

EPwm4RegsFile 
*          1    000068c0    00000040     UNINITIALIZED
                  000068c0    00000040     F2806x_GlobalVariableDefs.obj (EPwm4RegsFile)

EPwm5RegsFile 
*          1    00006900    00000040     UNINITIALIZED
                  00006900    00000040     F2806x_GlobalVariableDefs.obj (EPwm5RegsFile)

EPwm6RegsFile 
*          1    00006940    00000040     UNINITIALIZED
                  00006940    00000040     F2806x_GlobalVariableDefs.obj (EPwm6RegsFile)

EPwm7RegsFile 
*          1    00006980    00000040     UNINITIALIZED
                  00006980    00000040     F2806x_GlobalVariableDefs.obj (EPwm7RegsFile)

EPwm8RegsFile 
*          1    000069c0    00000040     UNINITIALIZED
                  000069c0    00000040     F2806x_GlobalVariableDefs.obj (EPwm8RegsFile)

ECap1RegsFile 
*          1    00006a00    00000020     UNINITIALIZED
                  00006a00    00000020     F2806x_GlobalVariableDefs.obj (ECap1RegsFile)

ECap2RegsFile 
*          1    00006a20    00000020     UNINITIALIZED
                  00006a20    00000020     F2806x_GlobalVariableDefs.obj (ECap2RegsFile)

ECap3RegsFile 
*          1    00006a40    00000020     UNINITIALIZED
                  00006a40    00000020     F2806x_GlobalVariableDefs.obj (ECap3RegsFile)

HRCap1RegsFile 
*          1    00006ac0    00000020     UNINITIALIZED
                  00006ac0    00000020     F2806x_GlobalVariableDefs.obj (HRCap1RegsFile)

HRCap2RegsFile 
*          1    00006ae0    00000020     UNINITIALIZED
                  00006ae0    00000020     F2806x_GlobalVariableDefs.obj (HRCap2RegsFile)

EQep1RegsFile 
*          1    00006b00    00000022     UNINITIALIZED
                  00006b00    00000022     F2806x_GlobalVariableDefs.obj (EQep1RegsFile)

EQep2RegsFile 
*          1    00006b40    00000022     UNINITIALIZED
                  00006b40    00000022     F2806x_GlobalVariableDefs.obj (EQep2RegsFile)

HRCap3RegsFile 
*          1    00006c80    00000020     UNINITIALIZED
                  00006c80    00000020     F2806x_GlobalVariableDefs.obj (HRCap3RegsFile)

HRCap4RegsFile 
*          1    00006ca0    00000020     UNINITIALIZED
                  00006ca0    00000020     F2806x_GlobalVariableDefs.obj (HRCap4RegsFile)

GpioCtrlRegsFile 
*          1    00006f80    00000040     UNINITIALIZED
                  00006f80    00000040     F2806x_GlobalVariableDefs.obj (GpioCtrlRegsFile)

GpioDataRegsFile 
*          1    00006fc0    00000020     UNINITIALIZED
                  00006fc0    00000020     F2806x_GlobalVariableDefs.obj (GpioDataRegsFile)

GpioIntRegsFile 
*          1    00006fe0    00000020     UNINITIALIZED
                  00006fe0    00000020     F2806x_GlobalVariableDefs.obj (GpioIntRegsFile)

SysCtrlRegsFile 
*          1    00007010    00000030     UNINITIALIZED
                  00007010    00000030     F2806x_GlobalVariableDefs.obj (SysCtrlRegsFile)

SpiaRegsFile 
*          1    00007040    00000010     UNINITIALIZED
                  00007040    00000010     F2806x_GlobalVariableDefs.obj (SpiaRegsFile)

SciaRegsFile 
*          1    00007050    00000010     UNINITIALIZED
                  00007050    00000010     F2806x_GlobalVariableDefs.obj (SciaRegsFile)

NmiIntruptRegsFile 
*          1    00007060    00000010     UNINITIALIZED
                  00007060    00000010     F2806x_GlobalVariableDefs.obj (NmiIntruptRegsFile)

XIntruptRegsFile 
*          1    00007070    00000010     UNINITIALIZED
                  00007070    00000010     F2806x_GlobalVariableDefs.obj (XIntruptRegsFile)

AdcRegsFile 
*          1    00007100    00000050     UNINITIALIZED
                  00007100    00000050     F2806x_GlobalVariableDefs.obj (AdcRegsFile)

SpibRegsFile 
*          1    00007740    00000010     UNINITIALIZED
                  00007740    00000010     F2806x_GlobalVariableDefs.obj (SpibRegsFile)

ScibRegsFile 
*          1    00007750    00000010     UNINITIALIZED
                  00007750    00000010     F2806x_GlobalVariableDefs.obj (ScibRegsFile)

I2caRegsFile 
*          1    00007900    00000022     UNINITIALIZED
                  00007900    00000022     F2806x_GlobalVariableDefs.obj (I2caRegsFile)

PartIdRegsFile 
*          1    003d7e80    00000001     UNINITIALIZED
                  003d7e80    00000001     F2806x_GlobalVariableDefs.obj (PartIdRegsFile)

CsmPwlFile 
*          1    003f7ff8    00000008     UNINITIALIZED
                  003f7ff8    00000008     F2806x_GlobalVariableDefs.obj (CsmPwlFile)

MODULE SUMMARY

       Module                          code   initialized data   uninitialized data
       ------                          ----   ----------------   ------------------
    .\Source\Apps\
       SmartBulb.obj                   485    202                96                
       utils.obj                       349    0                  0                 
       sci.obj                         32     0                  0                 
       gpio.obj                        22     0                  0                 
       TempMonitor.obj                 0      0                  4                 
    +--+-------------------------------+------+------------------+--------------------+
       Total:                          888    202                100               
                                                                                   
    .\Source\HwDrv\
       F2806x_GlobalVariableDefs.obj   0      0                  3550              
       F2806x_DefaultIsr.obj           883    0                  0                 
       F2806x_SysCtrl.obj              402    0                  0                 
       F2806x_PieVect.obj              54     256                0                 
       F2806x_CpuTimers.obj            130    0                  24                
       F2806x_Sci.obj                  97     0                  0                 
       F2806x_Gpio.obj                 93     0                  0                 
       F2806x_PieCtrl.obj              72     0                  0                 
       F2806x_Xint1.obj                20     0                  2                 
       F2806x_CodeStartBranch.obj      10     0                  0                 
       F2806x_usDelay.obj              4      0                  0                 
    +--+-------------------------------+------+------------------+--------------------+
       Total:                          1765   256                3576              
                                                                                   
    C:/ti/ccsv7/tools/compiler/ti-cgt-c2000_16.9.11.LTS/lib/rts2800_fpu32.lib
       e_powf.obj                      897    62                 0                 
       fs_div28.obj                    136    0                  0                 
       s_scalbnf.obj                   101    6                  0                 
       boot28.obj                      86     0                  0                 
       exit.obj                        41     14                 6                 
       e_sqrtf.obj                     37     0                  0                 
       cpy_tbl.obj                     36     0                  0                 
       i_div28.obj                     34     0                  0                 
       memcpy.obj                      29     0                  0                 
       args_main.obj                   25     0                  0                 
       _lock.obj                       9      10                 4                 
       s_copysignf.obj                 17     0                  0                 
       strlen.obj                      8      0                  0                 
       errno.obj                       0      4                  1                 
       pre_init.obj                    2      0                  0                 
       startup.obj                     1      0                  0                 
    +--+-------------------------------+------+------------------+--------------------+
       Total:                          1459   96                 11                
                                                                                   
       Stack:                          0      0                  512               
    +--+-------------------------------+------+------------------+--------------------+
       Grand Total:                    4112   554                4199              


GLOBAL DATA SYMBOLS: SORTED BY DATA PAGE

address     data page           name
--------    ----------------    ----
00000002       0 (00000000)     _CpuTimer1
0000000a       0 (00000000)     _CpuTimer2
00000012       0 (00000000)     _CpuTimer0
0000001a       0 (00000000)     ___TI_enable_exit_profile_output
0000001c       0 (00000000)     ___TI_cleanup_ptr
0000001e       0 (00000000)     ___TI_dtors_ptr
00000020       0 (00000000)     _tempData
00000024       0 (00000000)     _xint1Counter
00000025       0 (00000000)     _xint1Cycle
00000026       0 (00000000)     __lock
00000028       0 (00000000)     __unlock
0000002a       0 (00000000)     _errno

00000040       1 (00000040)     _BlinkRateCnt
00000041       1 (00000040)     _ReceivedChar
00000042       1 (00000040)     _cycle
00000043       1 (00000040)     _ErrorCount
00000044       1 (00000040)     _BlinkRate
00000045       1 (00000040)     _toggleCount
00000046       1 (00000040)     _LoopCount
00000048       1 (00000040)     _BlinkRate_Hz
0000004a       1 (00000040)     _SwVersionNumber

00000080       2 (00000080)     _HwVersionNumber

00000400      10 (00000400)     __stack

00000880      22 (00000880)     _DevEmuRegs

00000985      26 (00000980)     _SysPwrCtrlRegs

00000a80      2a (00000a80)     _FlashRegs

00000ae0      2b (00000ac0)     _CsmRegs

00000b00      2c (00000b00)     _AdcResult

00000c00      30 (00000c00)     _CpuTimer0Regs
00000c08      30 (00000c00)     _CpuTimer1Regs
00000c10      30 (00000c00)     _CpuTimer2Regs

00000ce0      33 (00000cc0)     _PieCtrlRegs

00000d00      34 (00000d00)     _EmuKey
00000d00      34 (00000d00)     _PieVectTable
00000d01      34 (00000d00)     _EmuBMode
00000d02      34 (00000d00)     _Flash_CallbackPtr
00000d04      34 (00000d00)     _Flash_CPUScaleFactor

00001000      40 (00001000)     _DmaRegs

00001400      50 (00001400)     _Cla1Regs

00004000     100 (00004000)     _Usb0Regs

00005000     140 (00005000)     _McbspaRegs

00006000     180 (00006000)     _ECanaRegs

00006040     181 (00006040)     _ECanaLAMRegs

00006080     182 (00006080)     _ECanaMOTSRegs

000060c0     183 (000060c0)     _ECanaMOTORegs

00006100     184 (00006100)     _ECanaMboxes

00006400     190 (00006400)     _Comp1Regs
00006420     190 (00006400)     _Comp2Regs

00006440     191 (00006440)     _Comp3Regs

00006800     1a0 (00006800)     _EPwm1Regs

00006840     1a1 (00006840)     _EPwm2Regs

00006880     1a2 (00006880)     _EPwm3Regs

000068c0     1a3 (000068c0)     _EPwm4Regs

00006900     1a4 (00006900)     _EPwm5Regs

00006940     1a5 (00006940)     _EPwm6Regs

00006980     1a6 (00006980)     _EPwm7Regs

000069c0     1a7 (000069c0)     _EPwm8Regs

00006a00     1a8 (00006a00)     _ECap1Regs
00006a20     1a8 (00006a00)     _ECap2Regs

00006a40     1a9 (00006a40)     _ECap3Regs

00006ac0     1ab (00006ac0)     _HRCap1Regs
00006ae0     1ab (00006ac0)     _HRCap2Regs

00006b00     1ac (00006b00)     _EQep1Regs

00006b40     1ad (00006b40)     _EQep2Regs

00006c80     1b2 (00006c80)     _HRCap3Regs
00006ca0     1b2 (00006c80)     _HRCap4Regs

00006f80     1be (00006f80)     _GpioCtrlRegs

00006fc0     1bf (00006fc0)     _GpioDataRegs
00006fe0     1bf (00006fc0)     _GpioIntRegs

00007010     1c0 (00007000)     _SysCtrlRegs

00007040     1c1 (00007040)     _SpiaRegs
00007050     1c1 (00007040)     _SciaRegs
00007060     1c1 (00007040)     _NmiIntruptRegs
00007070     1c1 (00007040)     _XIntruptRegs

00007100     1c4 (00007100)     _AdcRegs

00007740     1dd (00007740)     _SpibRegs
00007750     1dd (00007740)     _ScibRegs

00007900     1e4 (00007900)     _I2caRegs

0000b00a     2c0 (0000b000)     _PieVectTableInit

003d7e80    f5fa (003d7e80)     _PartIdRegs

003f7ff8    fdff (003f7fc0)     _CsmPwl


GLOBAL SYMBOLS: SORTED ALPHABETICALLY BY Name 

page  address   name                            
----  -------   ----                            
1     00000002  .bss                            
0     0000a000  .text                           
0     0000aec9  C$$EXIT                         
0     0000abc8  FS$$DIV                         
0     0000af3b  I$$DIV                          
0     0000af4c  I$$MOD                          
0     0000a42b  _ADCINT1_ISR                    
0     0000a435  _ADCINT2_ISR                    
0     0000a629  _ADCINT3_ISR                    
0     0000a633  _ADCINT4_ISR                    
0     0000a63d  _ADCINT5_ISR                    
0     0000a647  _ADCINT6_ISR                    
0     0000a651  _ADCINT7_ISR                    
0     0000a65b  _ADCINT8_ISR                    
0     0000a449  _ADCINT9_ISR                    
1     00007100  _AdcRegs                        
1     00000b00  _AdcResult                      
1     00000044  _BlinkRate                      
1     00000040  _BlinkRateCnt                   
1     00000048  _BlinkRate_Hz                   
0     0000a665  _CLA1_INT1_ISR                  
0     0000a66f  _CLA1_INT2_ISR                  
0     0000a679  _CLA1_INT3_ISR                  
0     0000a683  _CLA1_INT4_ISR                  
0     0000a68d  _CLA1_INT5_ISR                  
0     0000a697  _CLA1_INT6_ISR                  
0     0000a6a1  _CLA1_INT7_ISR                  
0     0000a6ab  _CLA1_INT8_ISR                  
1     00001400  _Cla1Regs                       
1     00006400  _Comp1Regs                      
1     00006420  _Comp2Regs                      
1     00006440  _Comp3Regs                      
0     0000ac8b  _ConfigCpuTimer                 
1     00000012  _CpuTimer0                      
1     00000c00  _CpuTimer0Regs                  
1     00000002  _CpuTimer1                      
1     00000c08  _CpuTimer1Regs                  
1     0000000a  _CpuTimer2                      
1     00000c10  _CpuTimer2Regs                  
1     003f7ff8  _CsmPwl                         
1     00000ae0  _CsmRegs                        
0     0000a7f9  _CsmUnlock                      
0     0000a381  _DATALOG_ISR                    
0     0000a59d  _DINTCH1_ISR                    
0     0000a5a7  _DINTCH2_ISR                    
0     0000a5b1  _DINTCH3_ISR                    
0     0000a5bb  _DINTCH4_ISR                    
0     0000a5c5  _DINTCH5_ISR                    
0     0000a5cf  _DINTCH6_ISR                    
0     00009000  _DSP28x_usDelay                 
1     00000880  _DevEmuRegs                     
0     0000a718  _DisableDog                     
1     00001000  _DmaRegs                        
0     0000a615  _ECAN0INTA_ISR                  
0     0000a61f  _ECAN1INTA_ISR                  
0     0000a4fd  _ECAP1_INT_ISR                  
0     0000a507  _ECAP2_INT_ISR                  
0     0000a511  _ECAP3_INT_ISR                  
1     00006040  _ECanaLAMRegs                   
1     000060c0  _ECanaMOTORegs                  
1     00006080  _ECanaMOTSRegs                  
1     00006100  _ECanaMboxes                    
1     00006000  _ECanaRegs                      
1     00006a00  _ECap1Regs                      
1     00006a20  _ECap2Regs                      
1     00006a40  _ECap3Regs                      
0     0000a6d3  _EMPTY_ISR                      
0     0000a395  _EMUINT_ISR                     
0     0000a4ad  _EPWM1_INT_ISR                  
0     0000a45d  _EPWM1_TZINT_ISR                
0     0000a4b7  _EPWM2_INT_ISR                  
0     0000a467  _EPWM2_TZINT_ISR                
0     0000a4c1  _EPWM3_INT_ISR                  
0     0000a471  _EPWM3_TZINT_ISR                
0     0000a4cb  _EPWM4_INT_ISR                  
0     0000a47b  _EPWM4_TZINT_ISR                
0     0000a4d5  _EPWM5_INT_ISR                  
0     0000a485  _EPWM5_TZINT_ISR                
0     0000a4df  _EPWM6_INT_ISR                  
0     0000a48f  _EPWM6_TZINT_ISR                
0     0000a4e9  _EPWM7_INT_ISR                  
0     0000a499  _EPWM7_TZINT_ISR                
0     0000a4f3  _EPWM8_INT_ISR                  
0     0000a4a3  _EPWM8_TZINT_ISR                
1     00006800  _EPwm1Regs                      
1     00006840  _EPwm2Regs                      
1     00006880  _EPwm3Regs                      
1     000068c0  _EPwm4Regs                      
1     00006900  _EPwm5Regs                      
1     00006940  _EPwm6Regs                      
1     00006980  _EPwm7Regs                      
1     000069c0  _EPwm8Regs                      
0     0000a52f  _EQEP1_INT_ISR                  
0     0000a539  _EQEP2_INT_ISR                  
1     00006b00  _EQep1Regs                      
1     00006b40  _EQep2Regs                      
1     00000d01  _EmuBMode                       
1     00000d00  _EmuKey                         
0     0000ae6a  _EnableInterrupts               
1     00000043  _ErrorCount                     
0     0000a870  _ExtOscSel                      
1     00000a80  _FlashRegs                      
1     00000d04  _Flash_CPUScaleFactor           
1     00000d02  _Flash_CallbackPtr              
0     0000ab1c  _Get_Xint1Cycle                 
1     00006f80  _GpioCtrlRegs                   
1     00006fc0  _GpioDataRegs                   
1     00006fe0  _GpioIntRegs                    
0     0000a51b  _HRCAP1_INT_ISR                 
0     0000a525  _HRCAP2_INT_ISR                 
0     0000a543  _HRCAP3_INT_ISR                 
0     0000a54d  _HRCAP4_INT_ISR                 
1     00006ac0  _HRCap1Regs                     
1     00006ae0  _HRCap2Regs                     
1     00006c80  _HRCap3Regs                     
1     00006ca0  _HRCap4Regs                     
1     00000080  _HwVersionNumber                
0     0000a5d9  _I2CINT1A_ISR                   
0     0000a5e3  _I2CINT2A_ISR                   
1     00007900  _I2caRegs                       
0     0000a3a9  _ILLEGAL_ISR                    
0     0000ab5c  _INT13_ISR                      
0     0000ab72  _INT14_ISR                      
0     0000aaf8  _InitApp                        
0     0000ac50  _InitCpuTimers                  
0     0000aaf9  _InitDevice                     
0     0000ad98  _InitGpio                       
0     0000a7a3  _InitPeripheralClocks           
0     0000ae4b  _InitPieCtrl                    
0     0000ae93  _InitPieVectTable               
0     0000a720  _InitPll                        
0     0000a775  _InitPll2                       
0     0000ad37  _InitSci                        
0     0000ad38  _InitSciGpio                    
0     0000ad3d  _InitSciaGpio                   
0     0000ad53  _InitScibGpio                   
0     0000a6f4  _InitSysCtrl                    
0     0000afc9  _InitXint1                      
0     0000a82a  _IntOsc1Sel                     
0     0000a83a  _IntOsc2Sel                     
0     0000aa21  _LED_BlinkRateSet               
0     0000afb3  _LED_Ctrl                       
0     0000a6c9  _LUF_ISR                        
0     0000a6bf  _LVF_ISR                        
0     0000adbf  _LedBlueCtrl                    
0     0000adda  _LedRedCtrl                     
1     00000046  _LoopCount                      
0     0000a589  _MRINTA_ISR                     
0     0000a593  _MXINTA_ISR                     
1     00005000  _McbspaRegs                     
0     0000a39f  _NMI_ISR                        
1     00007060  _NmiIntruptRegs                 
0     0000a6e0  _PIE_RESERVED                   
1     003d7e80  _PartIdRegs                     
1     00000ce0  _PieCtrlRegs                    
1     00000d00  _PieVectTable                   
0     0000b00a  _PieVectTableInit               
0     0000a38b  _RTOSINT_ISR                    
1     00000041  _ReceivedChar                   
0     0000a5ed  _SCIRXINTA_ISR                  
0     0000a601  _SCIRXINTB_ISR                  
0     0000a5f7  _SCITXINTA_ISR                  
0     0000a60b  _SCITXINTB_ISR                  
0     0000ad67  _SCIa_Init                      
0     0000a561  _SPIRXINTA_ISR                  
0     0000a575  _SPIRXINTB_ISR                  
0     0000a56b  _SPITXINTA_ISR                  
0     0000a57f  _SPITXINTB_ISR                  
1     00007050  _SciaRegs                       
1     00007750  _ScibRegs                       
0     0000a70e  _ServiceDog                     
1     00007040  _SpiaRegs                       
1     00007740  _SpibRegs                       
1     0000004a  _SwVersionNumber                
1     00007010  _SysCtrlRegs                    
1     00000985  _SysPwrCtrlRegs                 
0     0000ab20  _TINT0_ISR                      
0     0000a557  _USB0_INT_ISR                   
0     0000a40d  _USER10_ISR                     
0     0000a417  _USER11_ISR                     
0     0000a421  _USER12_ISR                     
0     0000a3b3  _USER1_ISR                      
0     0000a3bd  _USER2_ISR                      
0     0000a3c7  _USER3_ISR                      
0     0000a3d1  _USER4_ISR                      
0     0000a3db  _USER5_ISR                      
0     0000a3e5  _USER6_ISR                      
0     0000a3ef  _USER7_ISR                      
0     0000a3f9  _USER8_ISR                      
0     0000a403  _USER9_ISR                      
1     00004000  _Usb0Regs                       
0     0000a453  _WAKEINT_ISR                    
0     0000abaa  _XINT1_ISR                      
0     0000a43f  _XINT2_ISR                      
0     0000a6b5  _XINT3_ISR                      
1     00007070  _XIntruptRegs                   
0     0000a854  _XtalOscSel                     
1     00000600  __STACK_END                     
abs   00000200  __STACK_SIZE                    
1     0000001c  ___TI_cleanup_ptr               
1     0000001e  ___TI_dtors_ptr                 
1     0000001a  ___TI_enable_exit_profile_output
abs   ffffffff  ___TI_pprof_out_hndl            
abs   ffffffff  ___TI_prof_data_size            
abs   ffffffff  ___TI_prof_data_start           
abs   ffffffff  ___binit__                      
1     00000002  ___bss__                        
abs   ffffffff  ___c_args__                     
0     0000b1f2  ___cinit__                      
1     00000002  ___end__                        
0     0000b00a  ___etext__                      
abs   ffffffff  ___pinit__                      
0     0000a000  ___text__                       
0     0000af9a  __args_main                     
1     00000026  __lock                          
0     0000aff6  __nop                           
0     0000aff2  __register_lock                 
0     0000afee  __register_unlock               
1     00000400  __stack                         
0     0000b009  __system_post_cinit             
0     0000b007  __system_pre_init               
1     00000028  __unlock                        
0     0000aec9  _abort                          
0     0000adf5  _c_int00                        
0     0000af17  _copy_in                        
0     0000afdd  _copysign                       
0     0000afdd  _copysignf                      
1     00000042  _cycle                          
0     0000a8dc  _divide                         
1     0000002a  _errno                          
0     0000aecb  _exit                           
0     0000acd2  _ldexp                          
0     0000acd2  _ldexpf                         
0     0000a9e3  _main                           
0     0000af7d  _memcpy                         
0     0000a000  _pow                            
0     0000a000  _powf                           
0     0000a916  _reverse                        
0     0000a6ea  _rsvd_ISR                       
0     0000a89b  _s_memcpy                       
0     0000a886  _s_memset                       
0     0000a8c3  _s_strncmp                      
0     0000acd2  _scalbn                         
0     0000acd2  _scalbnf                        
0     0000af77  _sciA_RecvByte                  
0     0000af5d  _sciA_TxmtByte                  
0     0000af64  _sciA_TxmtString                
0     0000ad78  _scia_fifo_init                 
0     0000ad8c  _scia_recv                      
0     0000ad80  _scia_xmit                      
0     0000aef2  _sqrt                           
0     0000aef2  _sqrtf                          
0     0000a8f3  _strReverse                     
0     0000afff  _strlen                         
1     00000020  _tempData                       
1     00000045  _toggleCount                    
0     0000a96d  _uItoa                          
0     0000a9a6  _u_ftoa                         
0     0000a938  _u_itoa                         
1     00000024  _xint1Counter                   
1     00000025  _xint1Cycle                     
abs   ffffffff  binit                           
0     0000b1f2  cinit                           
0     00000000  code_start                      
1     00000002  end                             
0     0000b00a  etext                           
abs   ffffffff  pinit                           


GLOBAL SYMBOLS: SORTED BY Symbol Address 

page  address   name                            
----  -------   ----                            
0     00000000  code_start                      
0     00009000  _DSP28x_usDelay                 
0     0000a000  .text                           
0     0000a000  ___text__                       
0     0000a000  _pow                            
0     0000a000  _powf                           
0     0000a381  _DATALOG_ISR                    
0     0000a38b  _RTOSINT_ISR                    
0     0000a395  _EMUINT_ISR                     
0     0000a39f  _NMI_ISR                        
0     0000a3a9  _ILLEGAL_ISR                    
0     0000a3b3  _USER1_ISR                      
0     0000a3bd  _USER2_ISR                      
0     0000a3c7  _USER3_ISR                      
0     0000a3d1  _USER4_ISR                      
0     0000a3db  _USER5_ISR                      
0     0000a3e5  _USER6_ISR                      
0     0000a3ef  _USER7_ISR                      
0     0000a3f9  _USER8_ISR                      
0     0000a403  _USER9_ISR                      
0     0000a40d  _USER10_ISR                     
0     0000a417  _USER11_ISR                     
0     0000a421  _USER12_ISR                     
0     0000a42b  _ADCINT1_ISR                    
0     0000a435  _ADCINT2_ISR                    
0     0000a43f  _XINT2_ISR                      
0     0000a449  _ADCINT9_ISR                    
0     0000a453  _WAKEINT_ISR                    
0     0000a45d  _EPWM1_TZINT_ISR                
0     0000a467  _EPWM2_TZINT_ISR                
0     0000a471  _EPWM3_TZINT_ISR                
0     0000a47b  _EPWM4_TZINT_ISR                
0     0000a485  _EPWM5_TZINT_ISR                
0     0000a48f  _EPWM6_TZINT_ISR                
0     0000a499  _EPWM7_TZINT_ISR                
0     0000a4a3  _EPWM8_TZINT_ISR                
0     0000a4ad  _EPWM1_INT_ISR                  
0     0000a4b7  _EPWM2_INT_ISR                  
0     0000a4c1  _EPWM3_INT_ISR                  
0     0000a4cb  _EPWM4_INT_ISR                  
0     0000a4d5  _EPWM5_INT_ISR                  
0     0000a4df  _EPWM6_INT_ISR                  
0     0000a4e9  _EPWM7_INT_ISR                  
0     0000a4f3  _EPWM8_INT_ISR                  
0     0000a4fd  _ECAP1_INT_ISR                  
0     0000a507  _ECAP2_INT_ISR                  
0     0000a511  _ECAP3_INT_ISR                  
0     0000a51b  _HRCAP1_INT_ISR                 
0     0000a525  _HRCAP2_INT_ISR                 
0     0000a52f  _EQEP1_INT_ISR                  
0     0000a539  _EQEP2_INT_ISR                  
0     0000a543  _HRCAP3_INT_ISR                 
0     0000a54d  _HRCAP4_INT_ISR                 
0     0000a557  _USB0_INT_ISR                   
0     0000a561  _SPIRXINTA_ISR                  
0     0000a56b  _SPITXINTA_ISR                  
0     0000a575  _SPIRXINTB_ISR                  
0     0000a57f  _SPITXINTB_ISR                  
0     0000a589  _MRINTA_ISR                     
0     0000a593  _MXINTA_ISR                     
0     0000a59d  _DINTCH1_ISR                    
0     0000a5a7  _DINTCH2_ISR                    
0     0000a5b1  _DINTCH3_ISR                    
0     0000a5bb  _DINTCH4_ISR                    
0     0000a5c5  _DINTCH5_ISR                    
0     0000a5cf  _DINTCH6_ISR                    
0     0000a5d9  _I2CINT1A_ISR                   
0     0000a5e3  _I2CINT2A_ISR                   
0     0000a5ed  _SCIRXINTA_ISR                  
0     0000a5f7  _SCITXINTA_ISR                  
0     0000a601  _SCIRXINTB_ISR                  
0     0000a60b  _SCITXINTB_ISR                  
0     0000a615  _ECAN0INTA_ISR                  
0     0000a61f  _ECAN1INTA_ISR                  
0     0000a629  _ADCINT3_ISR                    
0     0000a633  _ADCINT4_ISR                    
0     0000a63d  _ADCINT5_ISR                    
0     0000a647  _ADCINT6_ISR                    
0     0000a651  _ADCINT7_ISR                    
0     0000a65b  _ADCINT8_ISR                    
0     0000a665  _CLA1_INT1_ISR                  
0     0000a66f  _CLA1_INT2_ISR                  
0     0000a679  _CLA1_INT3_ISR                  
0     0000a683  _CLA1_INT4_ISR                  
0     0000a68d  _CLA1_INT5_ISR                  
0     0000a697  _CLA1_INT6_ISR                  
0     0000a6a1  _CLA1_INT7_ISR                  
0     0000a6ab  _CLA1_INT8_ISR                  
0     0000a6b5  _XINT3_ISR                      
0     0000a6bf  _LVF_ISR                        
0     0000a6c9  _LUF_ISR                        
0     0000a6d3  _EMPTY_ISR                      
0     0000a6e0  _PIE_RESERVED                   
0     0000a6ea  _rsvd_ISR                       
0     0000a6f4  _InitSysCtrl                    
0     0000a70e  _ServiceDog                     
0     0000a718  _DisableDog                     
0     0000a720  _InitPll                        
0     0000a775  _InitPll2                       
0     0000a7a3  _InitPeripheralClocks           
0     0000a7f9  _CsmUnlock                      
0     0000a82a  _IntOsc1Sel                     
0     0000a83a  _IntOsc2Sel                     
0     0000a854  _XtalOscSel                     
0     0000a870  _ExtOscSel                      
0     0000a886  _s_memset                       
0     0000a89b  _s_memcpy                       
0     0000a8c3  _s_strncmp                      
0     0000a8dc  _divide                         
0     0000a8f3  _strReverse                     
0     0000a916  _reverse                        
0     0000a938  _u_itoa                         
0     0000a96d  _uItoa                          
0     0000a9a6  _u_ftoa                         
0     0000a9e3  _main                           
0     0000aa21  _LED_BlinkRateSet               
0     0000aaf8  _InitApp                        
0     0000aaf9  _InitDevice                     
0     0000ab1c  _Get_Xint1Cycle                 
0     0000ab20  _TINT0_ISR                      
0     0000ab5c  _INT13_ISR                      
0     0000ab72  _INT14_ISR                      
0     0000abaa  _XINT1_ISR                      
0     0000abc8  FS$$DIV                         
0     0000ac50  _InitCpuTimers                  
0     0000ac8b  _ConfigCpuTimer                 
0     0000acd2  _ldexp                          
0     0000acd2  _ldexpf                         
0     0000acd2  _scalbn                         
0     0000acd2  _scalbnf                        
0     0000ad37  _InitSci                        
0     0000ad38  _InitSciGpio                    
0     0000ad3d  _InitSciaGpio                   
0     0000ad53  _InitScibGpio                   
0     0000ad67  _SCIa_Init                      
0     0000ad78  _scia_fifo_init                 
0     0000ad80  _scia_xmit                      
0     0000ad8c  _scia_recv                      
0     0000ad98  _InitGpio                       
0     0000adbf  _LedBlueCtrl                    
0     0000adda  _LedRedCtrl                     
0     0000adf5  _c_int00                        
0     0000ae4b  _InitPieCtrl                    
0     0000ae6a  _EnableInterrupts               
0     0000ae93  _InitPieVectTable               
0     0000aec9  C$$EXIT                         
0     0000aec9  _abort                          
0     0000aecb  _exit                           
0     0000aef2  _sqrt                           
0     0000aef2  _sqrtf                          
0     0000af17  _copy_in                        
0     0000af3b  I$$DIV                          
0     0000af4c  I$$MOD                          
0     0000af5d  _sciA_TxmtByte                  
0     0000af64  _sciA_TxmtString                
0     0000af77  _sciA_RecvByte                  
0     0000af7d  _memcpy                         
0     0000af9a  __args_main                     
0     0000afb3  _LED_Ctrl                       
0     0000afc9  _InitXint1                      
0     0000afdd  _copysign                       
0     0000afdd  _copysignf                      
0     0000afee  __register_unlock               
0     0000aff2  __register_lock                 
0     0000aff6  __nop                           
0     0000afff  _strlen                         
0     0000b007  __system_pre_init               
0     0000b009  __system_post_cinit             
0     0000b00a  _PieVectTableInit               
0     0000b00a  ___etext__                      
0     0000b00a  etext                           
0     0000b1f2  ___cinit__                      
0     0000b1f2  cinit                           
1     00000002  .bss                            
1     00000002  _CpuTimer1                      
1     00000002  ___bss__                        
1     00000002  ___end__                        
1     00000002  end                             
1     0000000a  _CpuTimer2                      
1     00000012  _CpuTimer0                      
1     0000001a  ___TI_enable_exit_profile_output
1     0000001c  ___TI_cleanup_ptr               
1     0000001e  ___TI_dtors_ptr                 
1     00000020  _tempData                       
1     00000024  _xint1Counter                   
1     00000025  _xint1Cycle                     
1     00000026  __lock                          
1     00000028  __unlock                        
1     0000002a  _errno                          
1     00000040  _BlinkRateCnt                   
1     00000041  _ReceivedChar                   
1     00000042  _cycle                          
1     00000043  _ErrorCount                     
1     00000044  _BlinkRate                      
1     00000045  _toggleCount                    
1     00000046  _LoopCount                      
1     00000048  _BlinkRate_Hz                   
1     0000004a  _SwVersionNumber                
1     00000080  _HwVersionNumber                
1     00000400  __stack                         
1     00000600  __STACK_END                     
1     00000880  _DevEmuRegs                     
1     00000985  _SysPwrCtrlRegs                 
1     00000a80  _FlashRegs                      
1     00000ae0  _CsmRegs                        
1     00000b00  _AdcResult                      
1     00000c00  _CpuTimer0Regs                  
1     00000c08  _CpuTimer1Regs                  
1     00000c10  _CpuTimer2Regs                  
1     00000ce0  _PieCtrlRegs                    
1     00000d00  _EmuKey                         
1     00000d00  _PieVectTable                   
1     00000d01  _EmuBMode                       
1     00000d02  _Flash_CallbackPtr              
1     00000d04  _Flash_CPUScaleFactor           
1     00001000  _DmaRegs                        
1     00001400  _Cla1Regs                       
1     00004000  _Usb0Regs                       
1     00005000  _McbspaRegs                     
1     00006000  _ECanaRegs                      
1     00006040  _ECanaLAMRegs                   
1     00006080  _ECanaMOTSRegs                  
1     000060c0  _ECanaMOTORegs                  
1     00006100  _ECanaMboxes                    
1     00006400  _Comp1Regs                      
1     00006420  _Comp2Regs                      
1     00006440  _Comp3Regs                      
1     00006800  _EPwm1Regs                      
1     00006840  _EPwm2Regs                      
1     00006880  _EPwm3Regs                      
1     000068c0  _EPwm4Regs                      
1     00006900  _EPwm5Regs                      
1     00006940  _EPwm6Regs                      
1     00006980  _EPwm7Regs                      
1     000069c0  _EPwm8Regs                      
1     00006a00  _ECap1Regs                      
1     00006a20  _ECap2Regs                      
1     00006a40  _ECap3Regs                      
1     00006ac0  _HRCap1Regs                     
1     00006ae0  _HRCap2Regs                     
1     00006b00  _EQep1Regs                      
1     00006b40  _EQep2Regs                      
1     00006c80  _HRCap3Regs                     
1     00006ca0  _HRCap4Regs                     
1     00006f80  _GpioCtrlRegs                   
1     00006fc0  _GpioDataRegs                   
1     00006fe0  _GpioIntRegs                    
1     00007010  _SysCtrlRegs                    
1     00007040  _SpiaRegs                       
1     00007050  _SciaRegs                       
1     00007060  _NmiIntruptRegs                 
1     00007070  _XIntruptRegs                   
1     00007100  _AdcRegs                        
1     00007740  _SpibRegs                       
1     00007750  _ScibRegs                       
1     00007900  _I2caRegs                       
1     003d7e80  _PartIdRegs                     
1     003f7ff8  _CsmPwl                         
abs   00000200  __STACK_SIZE                    
abs   ffffffff  ___TI_pprof_out_hndl            
abs   ffffffff  ___TI_prof_data_size            
abs   ffffffff  ___TI_prof_data_start           
abs   ffffffff  ___binit__                      
abs   ffffffff  ___c_args__                     
abs   ffffffff  ___pinit__                      
abs   ffffffff  binit                           
abs   ffffffff  pinit                           

[267 symbols]
